/home/user/finding-alphas/hunts/2026-09-30_crypto-cost10/pull/p1_spot.py:20: Pandas4Warning: Timestamp.utcnow is deprecated and will be removed in a future version. Use Timestamp.now('UTC') instead.
  NOW_MS = int(pd.Timestamp.utcnow().timestamp() * 1000)
[ok] spot/binance_SOLUSD: 28,942 explore + 24,827 sealed rows from 2020-08-11
[ok] spot/binance_BCHUSD: 35,094 explore + 24,827 sealed rows from 2019-11-28
[ok] spot/binance_DOGEUSD: 38,584 explore + 24,827 sealed rows from 2019-07-05
[ok] spot/binance_XRPUSD: 48,792 explore + 24,827 sealed rows from 2018-05-04
/home/user/finding-alphas/hunts/2026-09-30_crypto-cost10/pull/p1_spot.py:73: Pandas4Warning: Timestamp.utcnow is deprecated and will be removed in a future version. Use Timestamp.now('UTC') instead.
  end = pd.Timestamp.utcnow().floor("h")
[ok] spot/binance_BNBUSD: 53,059 explore + 24,827 sealed rows from 2017-11-06
[ok] spot/binance_ADAUSD: 49,204 explore + 24,827 sealed rows from 2018-04-17
/home/user/finding-alphas/hunts/2026-09-30_crypto-cost10/pull/p1_spot.py:73: Pandas4Warning: Timestamp.utcnow is deprecated and will be removed in a future version. Use Timestamp.now('UTC') instead.
  end = pd.Timestamp.utcnow().floor("h")
[ok] spot/binance_ETHUSD: 54,996 explore + 24,827 sealed rows from 2017-08-17
/home/user/finding-alphas/hunts/2026-09-30_crypto-cost10/pull/p1_spot.py:73: Pandas4Warning: Timestamp.utcnow is deprecated and will be removed in a future version. Use Timestamp.now('UTC') instead.
  end = pd.Timestamp.utcnow().floor("h")
[ok] spot/binance_BTCUSD: 54,996 explore + 24,827 sealed rows from 2017-08-17
/home/user/finding-alphas/hunts/2026-09-30_crypto-cost10/pull/p1_spot.py:73: Pandas4Warning: Timestamp.utcnow is deprecated and will be removed in a future version. Use Timestamp.now('UTC') instead.
  end = pd.Timestamp.utcnow().floor("h")
[ok] spot/binance_DOTUSD: 28,757 explore + 24,827 sealed rows from 2020-08-18
/home/user/finding-alphas/hunts/2026-09-30_crypto-cost10/pull/p1_spot.py:73: Pandas4Warning: Timestamp.utcnow is deprecated and will be removed in a future version. Use Timestamp.now('UTC') instead.
  end = pd.Timestamp.utcnow().floor("h")
[ok] spot/binance_LTCUSD: 52,171 explore + 24,827 sealed rows from 2017-12-13
/home/user/finding-alphas/hunts/2026-09-30_crypto-cost10/pull/p1_spot.py:73: Pandas4Warning: Timestamp.utcnow is deprecated and will be removed in a future version. Use Timestamp.now('UTC') instead.
  end = pd.Timestamp.utcnow().floor("h")
[ok] spot/coinbase_XRPUSD: 3,364 explore + 24,817 sealed rows from 2023-07-13
/home/user/finding-alphas/hunts/2026-09-30_crypto-cost10/pull/p1_spot.py:73: Pandas4Warning: Timestamp.utcnow is deprecated and will be removed in a future version. Use Timestamp.now('UTC') instead.
  end = pd.Timestamp.utcnow().floor("h")
[ok] spot/coinbase_ADAUSD: 23,691 explore + 24,817 sealed rows from 2021-03-18
/home/user/finding-alphas/hunts/2026-09-30_crypto-cost10/pull/p1_spot.py:73: Pandas4Warning: Timestamp.utcnow is deprecated and will be removed in a future version. Use Timestamp.now('UTC') instead.
  end = pd.Timestamp.utcnow().floor("h")
[ok] spot/coinbase_SOLUSD: 21,507 explore + 24,817 sealed rows from 2021-06-17
/home/user/finding-alphas/hunts/2026-09-30_crypto-cost10/pull/p1_spot.py:73: Pandas4Warning: Timestamp.utcnow is deprecated and will be removed in a future version. Use Timestamp.now('UTC') instead.
  end = pd.Timestamp.utcnow().floor("h")
[ok] spot/bitstamp_BTCUSD: 107,700 explore + 24,827 sealed rows from 2011-08-18
[ok] spot/coinbase_DOGEUSD: 21,843 explore + 24,817 sealed rows from 2021-06-03
[ok] spot/coinbase_DOTUSD: 21,531 explore + 24,817 sealed rows from 2021-06-16
[ok] spot/coinbase_ETHUSD: 65,869 explore + 24,817 sealed rows from 2016-05-18
[ok] spot/coinbase_BTCUSD: 73,278 explore + 24,817 sealed rows from 2015-07-20
[ok] spot/coinbase_USDTUSD: 22,579 explore + 24,816 sealed rows from 2021-05-04
[ok] spot/coinbase_BCHUSD: 51,969 explore + 24,817 sealed rows from 2017-12-20
[ok] spot/coinbase_LTCUSD: 62,801 explore + 24,817 sealed rows from 2016-08-17
[ok] spot/upbit_SOLKRW: 18,618 explore + 24,779 sealed rows from 2021-10-15
[ok] spot/upbit_DOGEKRW: 24,195 explore + 24,778 sealed rows from 2021-02-24
[ok] spot/upbit_BTCKRW: 54,102 explore + 24,781 sealed rows from 2017-09-25
[ok] spot/upbit_ETHKRW: 53,992 explore + 24,781 sealed rows from 2017-09-25
[ok] spot/upbit_XRPKRW: 53,977 explore + 24,780 sealed rows from 2017-09-25
[ok] spot/upbit_ADAKRW: 53,709 explore + 24,779 sealed rows from 2017-10-06
DONE p1_spot
