[ok] perp/perp_klines_SOLUSD: 28,025 explore + 24,816 sealed rows from 2020-09-14
[ok] perp/perp_klines_BTCUSD: 34,320 explore + 24,816 sealed rows from 2020-01-01
[ok] perp/perp_klines_ETHUSD: 34,320 explore + 24,816 sealed rows from 2020-01-01
[ok] perp/perp_klines_BNBUSD: 33,352 explore + 24,816 sealed rows from 2020-02-10
[ok] perp/perp_klines_DOGEUSD: 29,727 explore + 24,816 sealed rows from 2020-07-10
[ok] perp/perp_klines_XRPUSD: 34,072 explore + 24,816 sealed rows from 2020-01-06
[ok] perp/perp_klines_ADAUSD: 33,592 explore + 24,816 sealed rows from 2020-01-31
[ok] perp/perp_klines_BCHUSD: 34,320 explore + 24,816 sealed rows from 2020-01-01
[ok] perp/perp_klines_DOTUSD: 28,697 explore + 24,816 sealed rows from 2020-08-22
[ok] perp/perp_klines_LTCUSD: 34,000 explore + 24,816 sealed rows from 2020-01-09
[ok] perp/perp_premium_BTCUSD: 34,151 explore + 24,792 sealed rows from 2020-01-01
[ok] perp/perp_premium_BNBUSD: 33,183 explore + 24,792 sealed rows from 2020-02-10
[ok] perp/perp_premium_ETHUSD: 34,151 explore + 24,792 sealed rows from 2020-01-01
[ok] perp/perp_premium_SOLUSD: 28,000 explore + 24,792 sealed rows from 2020-09-14
[ok] perp/perp_premium_DOGEUSD: 29,558 explore + 24,792 sealed rows from 2020-07-10
[ok] perp/perp_premium_XRPUSD: 34,047 explore + 24,792 sealed rows from 2020-01-06
[ok] perp/perp_premium_ADAUSD: 33,423 explore + 24,792 sealed rows from 2020-01-31
[ok] perp/perp_premium_BCHUSD: 34,151 explore + 24,792 sealed rows from 2020-01-01
[ok] perp/perp_premium_DOTUSD: 28,528 explore + 24,792 sealed rows from 2020-08-22
[ok] perp/perp_premium_LTCUSD: 33,975 explore + 24,792 sealed rows from 2020-01-09
[ok] perp/funding_BTCUSD: 4,290 explore + 3,015 sealed rows from 2020-01-01
[ok] perp/funding_BNBUSD: 4,169 explore + 3,015 sealed rows from 2020-02-10
[ok] perp/funding_ETHUSD: 4,290 explore + 3,015 sealed rows from 2020-01-01
[ok] perp/funding_SOLUSD: 3,595 explore + 3,015 sealed rows from 2020-09-13
[ok] perp/funding_DOGEUSD: 3,716 explore + 3,015 sealed rows from 2020-07-10
[ok] perp/funding_XRPUSD: 4,274 explore + 3,015 sealed rows from 2020-01-06
[ok] perp/funding_ADAUSD: 4,234 explore + 3,015 sealed rows from 2020-01-19
[ok] perp/funding_BCHUSD: 4,290 explore + 3,015 sealed rows from 2020-01-01
[ok] perp/funding_DOTUSD: 3,593 explore + 3,015 sealed rows from 2020-08-20
[ok] perp/funding_LTCUSD: 4,265 explore + 3,015 sealed rows from 2020-01-09
[ok] perp/metrics_BTCUSD: 341,064 explore + 297,662 sealed rows from 2020-09-01
[ok] perp/metrics_BNBUSD: 210,230 explore + 297,662 sealed rows from 2021-12-01
[ok] perp/metrics_ETHUSD: 210,230 explore + 297,662 sealed rows from 2021-12-01
[ok] perp/metrics_SOLUSD: 210,230 explore + 297,645 sealed rows from 2021-12-01
[ok] perp/metrics_DOGEUSD: 210,230 explore + 297,662 sealed rows from 2021-12-01
[ok] perp/metrics_XRPUSD: 210,229 explore + 297,662 sealed rows from 2021-12-01
[ok] perp/metrics_ADAUSD: 210,230 explore + 297,662 sealed rows from 2021-12-01
[ok] perp/metrics_BCHUSD: 210,193 explore + 297,662 sealed rows from 2021-12-01
[ok] perp/metrics_DOTUSD: 210,230 explore + 297,662 sealed rows from 2021-12-01
[ok] perp/metrics_LTCUSD: 210,187 explore + 297,662 sealed rows from 2021-12-01
