[ok] onchain/cm_BTC: 5,445 explore + 1,035 sealed rows from 2009-01-03
[ok] onchain/cm_ETH: 3,046 explore + 1,035 sealed rows from 2015-07-30
[ok] onchain/cm_BNB: 2,340 explore + 1,035 sealed rows from 2017-07-05
[ok] onchain/cm_SOL: 1,329 explore + 1,035 sealed rows from 2020-04-11
[ok] onchain/cm_DOGE: 3,645 explore + 1,035 sealed rows from 2013-12-08
[ok] onchain/cm_XRP: 3,986 explore + 1,035 sealed rows from 2013-01-01
[ok] onchain/cm_ADA: 2,260 explore + 1,035 sealed rows from 2017-09-23
[ok] onchain/cm_BCH: 2,317 explore + 1,035 sealed rows from 2017-07-28
[ok] onchain/cm_DOT: 1,556 explore + 1,035 sealed rows from 2019-08-28
[ok] onchain/cm_LTC: 4,438 explore + 1,035 sealed rows from 2011-10-07
[ok] onchain/mempool_feerates: 5,440 explore + 1,035 sealed rows from 2009-01-03
[FAIL] onchain/mempool: ('Integer value 9107578829623340 is outside of the range exactly representable by a IEEE 754 double precision value', 'Conversion failed for column avgHashrate with type object')
[ok] onchain/bcom_mempool_size: 261,593 explore + 99,106 sealed rows from 2016-06-14
[ok] onchain/bcom_mempool_count: 261,593 explore + 99,106 sealed rows from 2016-06-14
[ok] onchain/bcom_mempool_growth: 261,572 explore + 98,726 sealed rows from 2016-06-11
[ok] onchain/bcom_miners_revenue: 5,431 explore + 1,026 sealed rows from 2009-01-17
[ok] onchain/bcom_transaction_fees_usd: 5,431 explore + 1,026 sealed rows from 2009-01-17
[ok] onchain/bcom_n_unique_addresses: 5,420 explore + 1,022 sealed rows from 2009-01-03
[ok] onchain/bcom_n_transactions: 5,431 explore + 1,023 sealed rows from 2009-01-17
[ok] onchain/bcom_estimated_transaction_volume_usd: 4,824 explore + 1,029 sealed rows from 2010-08-28
[ok] onchain/bcom_hash_rate: 5,445 explore + 1,023 sealed rows from 2009-01-03
[ok] onchain/bcom_difficulty: 5,445 explore + 1,023 sealed rows from 2009-01-03
[ok] onchain/bcom_avg_block_size: 5,431 explore + 1,023 sealed rows from 2009-01-17
[ok] onchain/bcom_median_confirmation_time: 5,445 explore + 1,023 sealed rows from 2009-01-03
[ok] onchain/bcom_output_volume: 5,445 explore + 1,031 sealed rows from 2009-01-03
[ok] onchain/bcom_trade_volume: 5,445 explore + 1,034 sealed rows from 2009-01-03
[ok] onchain/bcom_cost_per_transaction: 5,431 explore + 1,026 sealed rows from 2009-01-17
DONE p4_onchain
