[ok] defi/stable_total: 2,193 explore + 1,035 sealed rows from 2017-11-29
[ok] defi/stable_USDT: 2,193 explore + 1,035 sealed rows from 2017-11-29
[ok] defi/stable_USDC: 1,907 explore + 1,035 sealed rows from 2018-09-11
[ok] defi/stable_DAI: 1,473 explore + 1,035 sealed rows from 2019-11-19
[ok] defi/stable_USDe: 0 explore + 1,025 sealed rows from 2023-12-11
[ok] defi/stable_chain_Ethereum: 2,193 explore + 1,035 sealed rows from 2017-11-29
[ok] defi/stable_chain_Tron: 1,690 explore + 1,035 sealed rows from 2019-04-16
[ok] defi/stable_chain_Solana: 569 explore + 1,035 sealed rows from 2021-09-10
[ok] defi/stable_chain_BSC: 1,138 explore + 1,035 sealed rows from 2020-08-29
[ok] defi/stable_chain_Arbitrum: 889 explore + 1,035 sealed rows from 2021-06-25
[ok] defi/stable_chain_Base: 108 explore + 1,035 sealed rows from 2023-08-15
[ok] defi/tvl_all: 2,256 explore + 1,035 sealed rows from 2017-09-27
[ok] defi/tvl_Ethereum: 2,256 explore + 1,035 sealed rows from 2017-09-27
[ok] defi/tvl_Solana: 989 explore + 1,035 sealed rows from 2021-03-17
[ok] defi/tvl_BSC: 1,127 explore + 1,035 sealed rows from 2020-10-30
[ok] defi/tvl_Tron: 1,337 explore + 1,035 sealed rows from 2020-04-03
[ok] defi/tvl_Arbitrum: 849 explore + 1,035 sealed rows from 2021-06-04
[ok] defi/tvl_Base: 699 explore + 1,035 sealed rows from 2022-01-01
[ok] defi/tvl_Polkadot: 689 explore + 1,035 sealed rows from 2021-11-19
[ok] defi/tvl_Cardano: 698 explore + 1,035 sealed rows from 2022-01-02
[ok] defi/tvl_Litecoin: 562 explore + 1,035 sealed rows from 2022-05-18
[ok] defi/tvl_Dogechain: 472 explore + 1,035 sealed rows from 2022-08-16
[ok] defi/tvl_Bitcoin: 986 explore + 1,035 sealed rows from 2021-03-20
[ok] defi/dex_total: 3,574 explore + 1,035 sealed rows from 2014-02-17
[ok] defi/dex_ethereum: 1,855 explore + 1,035 sealed rows from 2018-11-02
[ok] defi/dex_solana: 787 explore + 1,035 sealed rows from 2021-10-02
[ok] defi/dex_bsc: 1,168 explore + 1,035 sealed rows from 2020-09-19
[ok] defi/dex_arbitrum: 822 explore + 1,035 sealed rows from 2021-08-31
[ok] defi/dex_base: 123 explore + 1,035 sealed rows from 2023-07-31
[ok] defi/fees_total: 2,076 explore + 1,035 sealed rows from 2018-03-26
[ok] defi/perpdex_oi_total: 1,009 explore + 1,035 sealed rows from 2021-02-25
[FAIL] defi/hacks: unhashable type: 'list'
DONE p5_defi
