[ok] macro/yahoo_GSPC: 13,599 explore + 708 sealed rows from 1970-01-02
[ok] macro/yahoo_NDX: 9,620 explore + 708 sealed rows from 1985-10-01
[ok] macro/yahoo_RUT: 9,129 explore + 708 sealed rows from 1987-09-10
[ok] macro/yahoo_VIX: 8,545 explore + 711 sealed rows from 1990-01-02
[ok] macro/yahoo_VVIX: 4,249 explore + 708 sealed rows from 2007-01-03
[ok] macro/yahoo_MOVE: 5,201 explore + 704 sealed rows from 2002-11-12
[ok] macro/yahoo_DX-Y_NYB: 13,443 explore + 711 sealed rows from 1971-01-04
[ok] macro/yahoo_TNX: 13,497 explore + 708 sealed rows from 1970-01-02
[ok] macro/yahoo_IRX: 13,497 explore + 708 sealed rows from 1970-01-02
[ok] macro/yahoo_FVX: 13,497 explore + 708 sealed rows from 1970-01-02
[ok] macro/yahoo_TYX: 11,723 explore + 708 sealed rows from 1977-02-15
[ok] macro/yahoo_GC_F: 5,835 explore + 711 sealed rows from 2000-08-30
[ok] macro/yahoo_SI_F: 5,836 explore + 711 sealed rows from 2000-08-30
[ok] macro/yahoo_CL_F: 5,843 explore + 711 sealed rows from 2000-08-23
[ok] macro/yahoo_HG_F: 5,839 explore + 711 sealed rows from 2000-08-30
[ok] macro/yahoo_NG_F: 5,840 explore + 711 sealed rows from 2000-08-30
[ok] macro/yahoo_JPY_X: 7,024 explore + 734 sealed rows from 1996-10-30
[ok] macro/yahoo_EURUSD_X: 5,190 explore + 734 sealed rows from 2003-12-01
[ok] macro/yahoo_KRW_X: 5,188 explore + 734 sealed rows from 2003-12-01
[ok] macro/yahoo_CNY_X: 5,592 explore + 734 sealed rows from 2001-06-24
[ok] macro/yahoo_GBPUSD_X: 5,202 explore + 734 sealed rows from 2003-12-01
[ok] macro/yahoo_TRY_X: 4,919 explore + 734 sealed rows from 2005-01-03
[ok] macro/yahoo_ARS_X: 5,278 explore + 734 sealed rows from 2001-07-12
[ok] macro/yahoo_NGN_X: 5,203 explore + 734 sealed rows from 2003-12-01
[ok] macro/yahoo_TLT: 5,373 explore + 708 sealed rows from 2002-07-30
[ok] macro/yahoo_HYG: 4,191 explore + 708 sealed rows from 2007-04-11
[ok] macro/yahoo_LQD: 5,373 explore + 708 sealed rows from 2002-07-30
[ok] macro/yahoo_SPY: 7,766 explore + 708 sealed rows from 1993-01-29
[ok] macro/yahoo_QQQ: 6,224 explore + 708 sealed rows from 1999-03-10
[ok] macro/yahoo_SMH: 5,911 explore + 708 sealed rows from 2000-06-05
[ok] macro/yahoo_ARKK: 2,286 explore + 708 sealed rows from 2014-10-31
[ok] macro/yahoo_GLD: 4,791 explore + 708 sealed rows from 2004-11-18
[ok] macro/yahoo_IBIT: 0 explore + 681 sealed rows from 2024-01-11
[ok] macro/yahoo_FBTC: 0 explore + 681 sealed rows from 2024-01-11
[ok] macro/yahoo_GBTC: 2,156 explore + 708 sealed rows from 2015-05-11
[ok] macro/yahoo_ETHA: 0 explore + 549 sealed rows from 2024-07-23
[ok] macro/yahoo_BITO: 532 explore + 708 sealed rows from 2021-10-20
[ok] macro/yahoo_MSTR: 6,411 explore + 708 sealed rows from 1998-06-11
[ok] macro/yahoo_COIN: 664 explore + 708 sealed rows from 2021-04-14
[ok] macro/yahoo_HOOD: 590 explore + 708 sealed rows from 2021-07-29
[ok] macro/yahoo_MARA: 2,913 explore + 708 sealed rows from 2012-05-04
[ok] macro/yahoo_RIOT: 1,932 explore + 708 sealed rows from 2016-03-31
[ok] macro/yahoo_CLSK: 1,771 explore + 708 sealed rows from 2016-11-16
[ok] macro/yahoo_NVDA: 6,256 explore + 708 sealed rows from 1999-01-22
[ok] macro/yahoo_BTC_F: 1,499 explore + 711 sealed rows from 2017-12-18
[ok] macro/yahoo_ETH_F: 711 explore + 711 sealed rows from 2021-02-05
[ok] macro/yahoo_MBT_F: 0 explore + 1 sealed rows from 2026-09-30
[ok] macro/ust_yields: 8,487 explore + 706 sealed rows from 1990-01-02
[ok] macro/ust_real_yields: 5,234 explore + 706 sealed rows from 2003-01-02
[ok] macro/nyfed_effr: 2,241 explore + 708 sealed rows from 2015-01-02
[FAIL] macro/nyfed_rate('secured/sofr', 'nyfed_sofr'): ("Could not convert 'NA' with type str: tried to convert to double", 'Conversion failed for column percentPercentile1 with type object')
[ok] macro/nyfed_rrp: 2,555 explore + 705 sealed rows from 2013-04-02
[ok] macro/nyfed_soma: 1,065 explore + 147 sealed rows from 2003-07-09
[ok] macro/tga: 13,818 explore + 2,832 sealed rows from 2005-10-03
[ok] macro/ecb_dfr: 59 explore + 10 sealed rows from 1999-01-01
[ok] macro/cftc_tff_BITCOIN: 295 explore + 147 sealed rows from 2018-04-10
[ok] macro/cftc_tff_BITCOIN_CASH_PERP_STYLE: 0 explore + 19 sealed rows from 2026-03-31
[ok] macro/cftc_tff_BITCOIN_USD: 73 explore + 0 sealed rows from 2017-12-19
[ok] macro/cftc_tff_ETHER_CASH_SETTLED: 139 explore + 82 sealed rows from 2021-04-06
[ok] macro/cftc_tff_MICRO_BITCOIN: 135 explore + 123 sealed rows from 2021-05-04
[ok] macro/cftc_tff_MICRO_ETHER: 103 explore + 82 sealed rows from 2021-12-14
[ok] macro/cftc_tff_NANO_BITCOIN_PERP_STYLE: 0 explore + 38 sealed rows from 2025-07-22
[ok] macro/cftc_tff_NANO_ETHER: 3 explore + 82 sealed rows from 2023-11-14
[ok] macro/cftc_tff_Nano_Bitcoin: 4 explore + 123 sealed rows from 2023-11-07
[ok] macro/fomc_dates: 94 explore + 32 sealed rows from 2011-01-26
[ok] macro/bis_policy_US: 25,355 explore + 1,026 sealed rows from 1954-07-01
[ok] macro/bis_policy_XM: 9,100 explore + 1,027 sealed rows from 1999-01-01
[ok] macro/bis_policy_JP: 16,473 explore + 0 sealed rows from 1946-01-01
[ok] macro/bis_policy_GB: 23,133 explore + 732 sealed rows from 1946-01-01
[ok] macro/bis_policy_CN: 9,963 explore + 986 sealed rows from 1996-01-01
[ok] macro/bis_policy_KR: 6,146 explore + 669 sealed rows from 1999-05-06
DONE p7_macro
