{"coin": "BTCUSD", "day": "2019-04-01", "status": 200, "mb": 1.2, "minutes": 1440, "median_half_bp": 0.9059}
{"coin": "ETHUSD", "day": "2019-04-01", "status": 200, "mb": 0.9, "minutes": 1440, "median_half_bp": 1.225}
{"coin": "BNBUSD", "day": "2019-04-01", "status": 200, "mb": 0.7, "minutes": 1440, "median_half_bp": 2.7041}
{"coin": "XRPUSD", "day": "2019-04-01", "status": 200, "mb": 0.7, "minutes": 1440, "median_half_bp": 1.6477}
{"coin": "ADAUSD", "day": "2019-04-01", "status": 200, "mb": 0.5, "minutes": 1440, "median_half_bp": 3.2061}
{"coin": "LTCUSD", "day": "2019-04-01", "status": 200, "mb": 0.4, "minutes": 1434, "median_half_bp": 1.7488}
{"coin": "BTCUSD", "day": "2019-07-01", "status": 200, "mb": 1.8, "minutes": 1440, "median_half_bp": 1.3271}
{"coin": "ETHUSD", "day": "2019-07-01", "status": 200, "mb": 1.5, "minutes": 1440, "median_half_bp": 1.8756}
{"coin": "BNBUSD", "day": "2019-07-01", "status": 200, "mb": 1.0, "minutes": 1440, "median_half_bp": 3.2613}
{"coin": "XRPUSD", "day": "2019-07-01", "status": 200, "mb": 1.2, "minutes": 1440, "median_half_bp": 2.186}
{"coin": "ADAUSD", "day": "2019-07-01", "status": 200, "mb": 0.7, "minutes": 1439, "median_half_bp": 6.1948}
{"coin": "LTCUSD", "day": "2019-07-01", "status": 200, "mb": 1.1, "minutes": 1440, "median_half_bp": 2.1467}
{"coin": "BTCUSD", "day": "2019-10-01", "status": 200, "mb": 6.4, "minutes": 1440, "median_half_bp": 0.7174}
{"coin": "ETHUSD", "day": "2019-10-01", "status": 200, "mb": 3.3, "minutes": 1440, "median_half_bp": 1.1684}
{"coin": "BNBUSD", "day": "2019-10-01", "status": 200, "mb": 2.2, "minutes": 1440, "median_half_bp": 3.0417}
{"coin": "XRPUSD", "day": "2019-10-01", "status": 200, "mb": 2.0, "minutes": 1440, "median_half_bp": 1.0385}
{"coin": "DOGEUSD", "day": "2019-10-01", "status": 200, "mb": 0.6, "minutes": 1433, "median_half_bp": 17.943}
{"coin": "ADAUSD", "day": "2019-10-01", "status": 200, "mb": 0.4, "minutes": 1424, "median_half_bp": 4.0253}
{"coin": "LTCUSD", "day": "2019-10-01", "status": 200, "mb": 1.3, "minutes": 1440, "median_half_bp": 1.4702}
{"coin": "BTCUSD", "day": "2020-01-01", "status": 200, "mb": 6.2, "minutes": 1440, "median_half_bp": 0.3816}
{"coin": "ETHUSD", "day": "2020-01-01", "status": 200, "mb": 2.7, "minutes": 1440, "median_half_bp": 0.8877}
{"coin": "BNBUSD", "day": "2020-01-01", "status": 200, "mb": 1.1, "minutes": 1440, "median_half_bp": 1.4947}
{"coin": "XRPUSD", "day": "2020-01-01", "status": 200, "mb": 2.3, "minutes": 1440, "median_half_bp": 1.1399}
{"coin": "DOGEUSD", "day": "2020-01-01", "status": 200, "mb": 0.2, "minutes": 1260, "median_half_bp": 13.1867}
{"coin": "ADAUSD", "day": "2020-01-01", "status": 200, "mb": 0.5, "minutes": 1429, "median_half_bp": 3.3416}
{"coin": "LTCUSD", "day": "2020-01-01", "status": 200, "mb": 1.2, "minutes": 1440, "median_half_bp": 2.2801}
{"coin": "BCHUSD", "day": "2020-01-01", "status": 200, "mb": 1.7, "minutes": 1440, "median_half_bp": 1.5843}
{"coin": "BTCUSD", "day": "2020-04-01", "status": 200, "mb": 10.0, "minutes": 1440, "median_half_bp": 0.3786}
{"coin": "ETHUSD", "day": "2020-04-01", "status": 200, "mb": 5.9, "minutes": 1440, "median_half_bp": 0.7438}
{"coin": "BNBUSD", "day": "2020-04-01", "status": 200, "mb": 4.0, "minutes": 1440, "median_half_bp": 1.6905}
{"coin": "XRPUSD", "day": "2020-04-01", "status": 200, "mb": 3.2, "minutes": 1440, "median_half_bp": 0.7571}
{"coin": "DOGEUSD", "day": "2020-04-01", "status": 200, "mb": 0.3, "minutes": 1389, "median_half_bp": 12.4567}
{"coin": "ADAUSD", "day": "2020-04-01", "status": 200, "mb": 1.8, "minutes": 1440, "median_half_bp": 3.3007}
{"coin": "LTCUSD", "day": "2020-04-01", "status": 200, "mb": 3.8, "minutes": 1440, "median_half_bp": 2.2796}
{"coin": "BCHUSD", "day": "2020-04-01", "status": 200, "mb": 4.9, "minutes": 1440, "median_half_bp": 1.178}
{"coin": "BTCUSD", "day": "2020-07-01", "status": 200, "mb": 8.4, "minutes": 1440, "median_half_bp": 0.1217}
{"coin": "ETHUSD", "day": "2020-07-01", "status": 200, "mb": 4.6, "minutes": 1440, "median_half_bp": 0.3084}
{"coin": "BNBUSD", "day": "2020-07-01", "status": 200, "mb": 2.9, "minutes": 1440, "median_half_bp": 1.2723}
{"coin": "XRPUSD", "day": "2020-07-01", "status": 200, "mb": 3.0, "minutes": 1440, "median_half_bp": 0.5826}
{"coin": "DOGEUSD", "day": "2020-07-01", "status": 200, "mb": 0.2, "minutes": 1336, "median_half_bp": 10.4556}
{"coin": "ADAUSD", "day": "2020-07-01", "status": 200, "mb": 3.5, "minutes": 1439, "median_half_bp": 1.4656}
{"coin": "LTCUSD", "day": "2020-07-01", "status": 200, "mb": 2.7, "minutes": 1440, "median_half_bp": 1.5531}
{"coin": "BCHUSD", "day": "2020-07-01", "status": 200, "mb": 3.2, "minutes": 1440, "median_half_bp": 0.8053}
{"coin": "BTCUSD", "day": "2020-10-01", "status": 200, "mb": 6.9, "minutes": 1440, "median_half_bp": 0.0074}
{"coin": "ETHUSD", "day": "2020-10-01", "status": 200, "mb": 5.5, "minutes": 1440, "median_half_bp": 0.2981}
{"coin": "BNBUSD", "day": "2020-10-01", "status": 200, "mb": 3.9, "minutes": 1440, "median_half_bp": 1.1518}
{"coin": "SOLUSD", "day": "2020-10-01", "status": 200, "mb": 2.5, "minutes": 1436, "median_half_bp": 8.1248}
{"coin": "XRPUSD", "day": "2020-10-01", "status": 200, "mb": 3.3, "minutes": 1440, "median_half_bp": 0.4303}
{"coin": "DOGEUSD", "day": "2020-10-01", "status": 200, "mb": 0.7, "minutes": 1430, "median_half_bp": 6.6436}
{"coin": "ADAUSD", "day": "2020-10-01", "status": 200, "mb": 4.2, "minutes": 1440, "median_half_bp": 1.1043}
{"coin": "LTCUSD", "day": "2020-10-01", "status": 200, "mb": 2.4, "minutes": 1439, "median_half_bp": 1.4414}
{"coin": "BCHUSD", "day": "2020-10-01", "status": 200, "mb": 2.9, "minutes": 1440, "median_half_bp": 0.6622}
{"coin": "DOTUSD", "day": "2020-10-01", "status": 200, "mb": 2.0, "minutes": 1439, "median_half_bp": 3.099}
{"coin": "BTCUSD", "day": "2021-01-01", "status": 200, "mb": 9.7, "minutes": 1440, "median_half_bp": 0.0122}
{"coin": "ETHUSD", "day": "2021-01-01", "status": 200, "mb": 8.0, "minutes": 1440, "median_half_bp": 0.1595}
{"coin": "BNBUSD", "day": "2021-01-01", "status": 200, "mb": 4.9, "minutes": 1440, "median_half_bp": 0.5704}
{"coin": "SOLUSD", "day": "2021-01-01", "status": 200, "mb": 2.8, "minutes": 1439, "median_half_bp": 6.9529}
{"coin": "XRPUSD", "day": "2021-01-01", "status": 200, "mb": 7.6, "minutes": 1440, "median_half_bp": 1.0852}
{"coin": "DOGEUSD", "day": "2021-01-01", "status": 200, "mb": 2.1, "minutes": 1440, "median_half_bp": 5.4353}
{"coin": "ADAUSD", "day": "2021-01-01", "status": 200, "mb": 4.2, "minutes": 1440, "median_half_bp": 1.0397}
{"coin": "LTCUSD", "day": "2021-01-01", "status": 200, "mb": 4.9, "minutes": 1440, "median_half_bp": 0.65}
{"coin": "BCHUSD", "day": "2021-01-01", "status": 200, "mb": 4.7, "minutes": 1440, "median_half_bp": 1.5257}
{"coin": "DOTUSD", "day": "2021-01-01", "status": 200, "mb": 6.6, "minutes": 1440, "median_half_bp": 1.8661}
{"coin": "BTCUSD", "day": "2021-04-01", "status": 200, "mb": 12.3, "minutes": 1440, "median_half_bp": 0.0249}
{"coin": "ETHUSD", "day": "2021-04-01", "status": 200, "mb": 10.2, "minutes": 1440, "median_half_bp": 0.1964}
{"coin": "BNBUSD", "day": "2021-04-01", "status": 200, "mb": 9.5, "minutes": 1440, "median_half_bp": 0.6573}
{"coin": "SOLUSD", "day": "2021-04-01", "status": 200, "mb": 2.5, "minutes": 1440, "median_half_bp": 3.0986}
{"coin": "XRPUSD", "day": "2021-04-01", "status": 200, "mb": 7.3, "minutes": 1440, "median_half_bp": 0.3748}
{"coin": "DOGEUSD", "day": "2021-04-01", "status": 200, "mb": 7.1, "minutes": 1440, "median_half_bp": 2.0672}
{"coin": "ADAUSD", "day": "2021-04-01", "status": 200, "mb": 6.3, "minutes": 1440, "median_half_bp": 0.283}
{"coin": "LTCUSD", "day": "2021-04-01", "status": 200, "mb": 5.6, "minutes": 1440, "median_half_bp": 0.3878}
{"coin": "BCHUSD", "day": "2021-04-01", "status": 200, "mb": 5.5, "minutes": 1440, "median_half_bp": 1.4389}
{"coin": "DOTUSD", "day": "2021-04-01", "status": 200, "mb": 6.7, "minutes": 1440, "median_half_bp": 1.1989}
{"coin": "BTCUSD", "day": "2021-07-01", "status": 200, "mb": 10.1, "minutes": 1440, "median_half_bp": 0.0446}
{"coin": "ETHUSD", "day": "2021-07-01", "status": 200, "mb": 11.0, "minutes": 1440, "median_half_bp": 0.1369}
{"coin": "BNBUSD", "day": "2021-07-01", "status": 200, "mb": 7.4, "minutes": 1440, "median_half_bp": 0.513}
{"coin": "SOLUSD", "day": "2021-07-01", "status": 200, "mb": 4.9, "minutes": 1440, "median_half_bp": 1.9215}
{"coin": "XRPUSD", "day": "2021-07-01", "status": 200, "mb": 4.9, "minutes": 1440, "median_half_bp": 0.7645}
{"coin": "DOGEUSD", "day": "2021-07-01", "status": 200, "mb": 6.9, "minutes": 1440, "median_half_bp": 0.634}
{"coin": "ADAUSD", "day": "2021-07-01", "status": 200, "mb": 6.3, "minutes": 1440, "median_half_bp": 0.4528}
{"coin": "LTCUSD", "day": "2021-07-01", "status": 200, "mb": 5.7, "minutes": 1440, "median_half_bp": 0.7462}
{"coin": "BCHUSD", "day": "2021-07-01", "status": 200, "mb": 6.2, "minutes": 1440, "median_half_bp": 1.1012}
{"coin": "DOTUSD", "day": "2021-07-01", "status": 200, "mb": 5.2, "minutes": 1440, "median_half_bp": 0.8941}
{"coin": "BTCUSD", "day": "2021-10-01", "status": 200, "mb": 10.2, "minutes": 1440, "median_half_bp": 0.01}
{"coin": "ETHUSD", "day": "2021-10-01", "status": 200, "mb": 10.1, "minutes": 1440, "median_half_bp": 0.0527}
{"coin": "BNBUSD", "day": "2021-10-01", "status": 200, "mb": 8.6, "minutes": 1440, "median_half_bp": 1.223}
{"coin": "SOLUSD", "day": "2021-10-01", "status": 200, "mb": 7.6, "minutes": 1440, "median_half_bp": 0.5316}
{"coin": "XRPUSD", "day": "2021-10-01", "status": 200, "mb": 6.0, "minutes": 1440, "median_half_bp": 0.5162}
{"coin": "DOGEUSD", "day": "2021-10-01", "status": 200, "mb": 5.7, "minutes": 1440, "median_half_bp": 2.3475}
{"coin": "ADAUSD", "day": "2021-10-01", "status": 200, "mb": 8.5, "minutes": 1440, "median_half_bp": 2.267}
{"coin": "LTCUSD", "day": "2021-10-01", "status": 200, "mb": 6.0, "minutes": 1440, "median_half_bp": 3.0625}
{"coin": "BCHUSD", "day": "2021-10-01", "status": 200, "mb": 3.3, "minutes": 1440, "median_half_bp": 1.0858}
{"coin": "DOTUSD", "day": "2021-10-01", "status": 200, "mb": 6.6, "minutes": 1440, "median_half_bp": 1.6591}
{"coin": "BTCUSD", "day": "2022-01-01", "status": 200, "mb": 8.0, "minutes": 1440, "median_half_bp": 0.0039}
{"coin": "ETHUSD", "day": "2022-01-01", "status": 200, "mb": 6.8, "minutes": 1440, "median_half_bp": 0.0242}
{"coin": "BNBUSD", "day": "2022-01-01", "status": 200, "mb": 6.1, "minutes": 1440, "median_half_bp": 0.9663}
{"coin": "SOLUSD", "day": "2022-01-01", "status": 200, "mb": 4.4, "minutes": 1440, "median_half_bp": 0.4382}
{"coin": "XRPUSD", "day": "2022-01-01", "status": 200, "mb": 2.8, "minutes": 1440, "median_half_bp": 0.598}
{"coin": "DOGEUSD", "day": "2022-01-01", "status": 200, "mb": 3.7, "minutes": 1440, "median_half_bp": 2.9122}
{"coin": "ADAUSD", "day": "2022-01-01", "status": 200, "mb": 6.2, "minutes": 1440, "median_half_bp": 3.7608}
{"coin": "LTCUSD", "day": "2022-01-01", "status": 200, "mb": 3.4, "minutes": 1440, "median_half_bp": 3.3704}
{"coin": "BCHUSD", "day": "2022-01-01", "status": 200, "mb": 2.1, "minutes": 1440, "median_half_bp": 1.2267}
{"coin": "DOTUSD", "day": "2022-01-01", "status": 200, "mb": 5.5, "minutes": 1440, "median_half_bp": 1.8338}
{"coin": "BTCUSD", "day": "2022-04-01", "status": 200, "mb": 10.0, "minutes": 1440, "median_half_bp": 0.0017}
{"coin": "ETHUSD", "day": "2022-04-01", "status": 200, "mb": 9.1, "minutes": 1440, "median_half_bp": 0.0161}
{"coin": "BNBUSD", "day": "2022-04-01", "status": 200, "mb": 6.9, "minutes": 1440, "median_half_bp": 1.1583}
{"coin": "SOLUSD", "day": "2022-04-01", "status": 200, "mb": 8.1, "minutes": 1440, "median_half_bp": 0.4061}
{"coin": "XRPUSD", "day": "2022-04-01", "status": 200, "mb": 4.3, "minutes": 1440, "median_half_bp": 0.6082}
{"coin": "DOGEUSD", "day": "2022-04-01", "status": 200, "mb": 4.9, "minutes": 1440, "median_half_bp": 3.6292}
{"coin": "ADAUSD", "day": "2022-04-01", "status": 200, "mb": 6.6, "minutes": 1440, "median_half_bp": 4.3577}
{"coin": "LTCUSD", "day": "2022-04-01", "status": 200, "mb": 4.4, "minutes": 1440, "median_half_bp": 4.053}
{"coin": "BCHUSD", "day": "2022-04-01", "status": 200, "mb": 2.2, "minutes": 1440, "median_half_bp": 1.3478}
{"coin": "DOTUSD", "day": "2022-04-01", "status": 200, "mb": 5.5, "minutes": 1440, "median_half_bp": 2.337}
{"coin": "BTCUSD", "day": "2022-07-01", "status": 200, "mb": 12.0, "minutes": 1440, "median_half_bp": 0.0043}
{"coin": "ETHUSD", "day": "2022-07-01", "status": 200, "mb": 10.8, "minutes": 1440, "median_half_bp": 0.0509}
{"coin": "BNBUSD", "day": "2022-07-01", "status": 200, "mb": 6.6, "minutes": 1440, "median_half_bp": 2.2873}
{"coin": "SOLUSD", "day": "2022-07-01", "status": 200, "mb": 7.2, "minutes": 1440, "median_half_bp": 1.5201}
{"coin": "XRPUSD", "day": "2022-07-01", "status": 200, "mb": 4.6, "minutes": 1440, "median_half_bp": 1.5907}
{"coin": "DOGEUSD", "day": "2022-07-01", "status": 200, "mb": 5.1, "minutes": 1440, "median_half_bp": 0.7947}
{"coin": "ADAUSD", "day": "2022-07-01", "status": 200, "mb": 5.2, "minutes": 1440, "median_half_bp": 1.1123}
{"coin": "LTCUSD", "day": "2022-07-01", "status": 200, "mb": 3.6, "minutes": 1440, "median_half_bp": 1.0348}
{"coin": "BCHUSD", "day": "2022-07-01", "status": 200, "mb": 2.7, "minutes": 1440, "median_half_bp": 4.9548}
{"coin": "DOTUSD", "day": "2022-07-01", "status": 200, "mb": 5.6, "minutes": 1440, "median_half_bp": 7.3692}
{"coin": "BTCUSD", "day": "2022-10-01", "status": 200, "mb": 11.4, "minutes": 1440, "median_half_bp": 0.1089}
{"coin": "ETHUSD", "day": "2022-10-01", "status": 200, "mb": 5.6, "minutes": 1440, "median_half_bp": 0.038}
{"coin": "BNBUSD", "day": "2022-10-01", "status": 200, "mb": 3.0, "minutes": 1440, "median_half_bp": 1.7686}
{"coin": "SOLUSD", "day": "2022-10-01", "status": 200, "mb": 2.6, "minutes": 1440, "median_half_bp": 1.5188}
{"coin": "XRPUSD", "day": "2022-10-01", "status": 200, "mb": 4.8, "minutes": 1440, "median_half_bp": 1.0537}
{"coin": "DOGEUSD", "day": "2022-10-01", "status": 200, "mb": 2.5, "minutes": 1440, "median_half_bp": 0.8167}
{"coin": "ADAUSD", "day": "2022-10-01", "status": 200, "mb": 2.6, "minutes": 1440, "median_half_bp": 1.1576}
{"coin": "LTCUSD", "day": "2022-10-01", "status": 200, "mb": 1.3, "minutes": 1440, "median_half_bp": 0.9383}
{"coin": "BCHUSD", "day": "2022-10-01", "status": 200, "mb": 2.1, "minutes": 1440, "median_half_bp": 4.234}
{"coin": "DOTUSD", "day": "2022-10-01", "status": 200, "mb": 2.8, "minutes": 1440, "median_half_bp": 7.943}
{"coin": "BTCUSD", "day": "2023-01-01", "status": 200, "mb": 11.2, "minutes": 1440, "median_half_bp": 0.0861}
{"coin": "ETHUSD", "day": "2023-01-01", "status": 200, "mb": 3.7, "minutes": 1440, "median_half_bp": 0.0418}
{"coin": "BNBUSD", "day": "2023-01-01", "status": 200, "mb": 2.0, "minutes": 1440, "median_half_bp": 2.0446}
{"coin": "SOLUSD", "day": "2023-01-01", "status": 200, "mb": 2.2, "minutes": 1440, "median_half_bp": 5.0386}
{"coin": "XRPUSD", "day": "2023-01-01", "status": 200, "mb": 1.3, "minutes": 1440, "median_half_bp": 1.4791}
{"coin": "DOGEUSD", "day": "2023-01-01", "status": 200, "mb": 1.9, "minutes": 1440, "median_half_bp": 0.7177}
{"coin": "ADAUSD", "day": "2023-01-01", "status": 200, "mb": 1.2, "minutes": 1440, "median_half_bp": 2.0354}
{"coin": "LTCUSD", "day": "2023-01-01", "status": 200, "mb": 1.9, "minutes": 1440, "median_half_bp": 0.7142}
{"coin": "BCHUSD", "day": "2023-01-01", "status": 200, "mb": 0.6, "minutes": 1440, "median_half_bp": 5.1733}
{"coin": "DOTUSD", "day": "2023-01-01", "status": 200, "mb": 0.8, "minutes": 1440, "median_half_bp": 1.1572}
{"coin": "BTCUSD", "day": "2019-05-01", "status": 200, "mb": 1.3, "minutes": 1440, "median_half_bp": 1.1931}
{"coin": "ETHUSD", "day": "2019-05-01", "status": 200, "mb": 1.1, "minutes": 1440, "median_half_bp": 1.4172}
{"coin": "BNBUSD", "day": "2019-05-01", "status": 200, "mb": 0.8, "minutes": 1440, "median_half_bp": 2.7199}
{"coin": "XRPUSD", "day": "2019-05-01", "status": 200, "mb": 0.8, "minutes": 1440, "median_half_bp": 1.7538}
{"coin": "ADAUSD", "day": "2019-05-01", "status": 200, "mb": 0.4, "minutes": 1425, "median_half_bp": 5.4547}
{"coin": "LTCUSD", "day": "2019-05-01", "status": 200, "mb": 0.7, "minutes": 1439, "median_half_bp": 1.5506}
{"coin": "BTCUSD", "day": "2019-06-01", "status": 200, "mb": 1.6, "minutes": 1440, "median_half_bp": 1.2482}
{"coin": "ETHUSD", "day": "2019-06-01", "status": 200, "mb": 1.4, "minutes": 1440, "median_half_bp": 1.5996}
{"coin": "BNBUSD", "day": "2019-06-01", "status": 200, "mb": 1.1, "minutes": 1440, "median_half_bp": 3.7191}
{"coin": "XRPUSD", "day": "2019-06-01", "status": 200, "mb": 1.1, "minutes": 1440, "median_half_bp": 2.0832}
{"coin": "ADAUSD", "day": "2019-06-01", "status": 200, "mb": 0.6, "minutes": 1439, "median_half_bp": 4.8932}
{"coin": "LTCUSD", "day": "2019-06-01", "status": 200, "mb": 0.9, "minutes": 1440, "median_half_bp": 2.0075}
{"coin": "BTCUSD", "day": "2019-08-01", "status": 200, "mb": 1.5, "minutes": 1440, "median_half_bp": 0.8354}
{"coin": "ETHUSD", "day": "2019-08-01", "status": 200, "mb": 1.0, "minutes": 1440, "median_half_bp": 1.1592}
{"coin": "BNBUSD", "day": "2019-08-01", "status": 200, "mb": 0.9, "minutes": 1440, "median_half_bp": 2.3537}
{"coin": "XRPUSD", "day": "2019-08-01", "status": 200, "mb": 0.7, "minutes": 1440, "median_half_bp": 1.6585}
{"coin": "DOGEUSD", "day": "2019-08-01", "status": 200, "mb": 0.2, "minutes": 1277, "median_half_bp": 13.9419}
{"coin": "ADAUSD", "day": "2019-08-01", "status": 200, "mb": 0.4, "minutes": 1437, "median_half_bp": 3.9444}
{"coin": "LTCUSD", "day": "2019-08-01", "status": 200, "mb": 0.8, "minutes": 1440, "median_half_bp": 1.2681}
{"coin": "BTCUSD", "day": "2019-09-01", "status": 200, "mb": 3.7, "minutes": 1440, "median_half_bp": 0.7949}
{"coin": "ETHUSD", "day": "2019-09-01", "status": 200, "mb": 1.7, "minutes": 1440, "median_half_bp": 1.3079}
{"coin": "BNBUSD", "day": "2019-09-01", "status": 200, "mb": 1.9, "minutes": 1440, "median_half_bp": 2.359}
{"coin": "XRPUSD", "day": "2019-09-01", "status": 200, "mb": 0.8, "minutes": 1440, "median_half_bp": 1.6185}
{"coin": "DOGEUSD", "day": "2019-09-01", "status": 200, "mb": 0.2, "minutes": 1299, "median_half_bp": 15.9204}
{"coin": "ADAUSD", "day": "2019-09-01", "status": 200, "mb": 0.3, "minutes": 1419, "median_half_bp": 3.1926}
{"coin": "LTCUSD", "day": "2019-09-01", "status": 200, "mb": 1.0, "minutes": 1440, "median_half_bp": 2.7051}
{"coin": "BTCUSD", "day": "2019-11-01", "status": 200, "mb": 7.1, "minutes": 1440, "median_half_bp": 0.8939}
{"coin": "ETHUSD", "day": "2019-11-01", "status": 200, "mb": 4.7, "minutes": 1440, "median_half_bp": 0.687}
{"coin": "BNBUSD", "day": "2019-11-01", "status": 200, "mb": 2.8, "minutes": 1440, "median_half_bp": 3.6083}
{"coin": "XRPUSD", "day": "2019-11-01", "status": 200, "mb": 2.7, "minutes": 1440, "median_half_bp": 0.8702}
{"coin": "DOGEUSD", "day": "2019-11-01", "status": 200, "mb": 0.5, "minutes": 1390, "median_half_bp": 17.3831}
{"coin": "ADAUSD", "day": "2019-11-01", "status": 200, "mb": 0.7, "minutes": 1440, "median_half_bp": 2.3899}
{"coin": "LTCUSD", "day": "2019-11-01", "status": 200, "mb": 1.7, "minutes": 1440, "median_half_bp": 1.2806}
{"coin": "BTCUSD", "day": "2019-12-01", "status": 200, "mb": 6.7, "minutes": 1440, "median_half_bp": 0.9648}
{"coin": "ETHUSD", "day": "2019-12-01", "status": 200, "mb": 4.8, "minutes": 1440, "median_half_bp": 0.7851}
{"coin": "BNBUSD", "day": "2019-12-01", "status": 200, "mb": 1.8, "minutes": 1440, "median_half_bp": 4.2088}
{"coin": "XRPUSD", "day": "2019-12-01", "status": 200, "mb": 1.8, "minutes": 1440, "median_half_bp": 1.5931}
{"coin": "DOGEUSD", "day": "2019-12-01", "status": 200, "mb": 0.3, "minutes": 1388, "median_half_bp": 16.4571}
{"coin": "ADAUSD", "day": "2019-12-01", "status": 200, "mb": 0.8, "minutes": 1440, "median_half_bp": 3.8828}
{"coin": "LTCUSD", "day": "2019-12-01", "status": 200, "mb": 2.0, "minutes": 1440, "median_half_bp": 2.1798}
{"coin": "BCHUSD", "day": "2019-12-01", "status": 200, "mb": 2.5, "minutes": 1440, "median_half_bp": 2.2253}
{"coin": "BTCUSD", "day": "2020-02-01", "status": 200, "mb": 8.5, "minutes": 1440, "median_half_bp": 0.3312}
{"coin": "ETHUSD", "day": "2020-02-01", "status": 200, "mb": 5.3, "minutes": 1440, "median_half_bp": 0.7124}
{"coin": "BNBUSD", "day": "2020-02-01", "status": 200, "mb": 2.2, "minutes": 1440, "median_half_bp": 2.3551}
{"coin": "XRPUSD", "day": "2020-02-01", "status": 200, "mb": 2.2, "minutes": 1440, "median_half_bp": 0.9261}
{"coin": "DOGEUSD", "day": "2020-02-01", "status": 200, "mb": 0.2, "minutes": 1360, "median_half_bp": 12.5031}
{"coin": "ADAUSD", "day": "2020-02-01", "status": 200, "mb": 1.8, "minutes": 1440, "median_half_bp": 2.373}
{"coin": "LTCUSD", "day": "2020-02-01", "status": 200, "mb": 3.1, "minutes": 1440, "median_half_bp": 1.9588}
{"coin": "BCHUSD", "day": "2020-02-01", "status": 200, "mb": 3.8, "minutes": 1440, "median_half_bp": 1.6365}
{"coin": "BTCUSD", "day": "2020-03-01", "status": 200, "mb": 11.0, "minutes": 1440, "median_half_bp": 0.4548}
{"coin": "ETHUSD", "day": "2020-03-01", "status": 200, "mb": 6.2, "minutes": 1440, "median_half_bp": 0.959}
{"coin": "BNBUSD", "day": "2020-03-01", "status": 200, "mb": 2.7, "minutes": 1440, "median_half_bp": 3.2196}
{"coin": "XRPUSD", "day": "2020-03-01", "status": 200, "mb": 3.9, "minutes": 1440, "median_half_bp": 1.2782}
{"coin": "DOGEUSD", "day": "2020-03-01", "status": 200, "mb": 0.4, "minutes": 1427, "median_half_bp": 18.0257}
{"coin": "ADAUSD", "day": "2020-03-01", "status": 200, "mb": 1.8, "minutes": 1440, "median_half_bp": 2.5582}
{"coin": "LTCUSD", "day": "2020-03-01", "status": 200, "mb": 4.7, "minutes": 1440, "median_half_bp": 1.889}
{"coin": "BCHUSD", "day": "2020-03-01", "status": 200, "mb": 5.4, "minutes": 1440, "median_half_bp": 1.598}
{"coin": "BTCUSD", "day": "2020-05-01", "status": 200, "mb": 10.9, "minutes": 1440, "median_half_bp": 0.2579}
{"coin": "ETHUSD", "day": "2020-05-01", "status": 200, "mb": 6.3, "minutes": 1440, "median_half_bp": 0.4826}
{"coin": "BNBUSD", "day": "2020-05-01", "status": 200, "mb": 5.0, "minutes": 1440, "median_half_bp": 1.6481}
{"coin": "XRPUSD", "day": "2020-05-01", "status": 200, "mb": 3.9, "minutes": 1440, "median_half_bp": 1.0115}
{"coin": "DOGEUSD", "day": "2020-05-01", "status": 200, "mb": 0.3, "minutes": 1401, "median_half_bp": 12.9049}
{"coin": "ADAUSD", "day": "2020-05-01", "status": 200, "mb": 1.7, "minutes": 1439, "median_half_bp": 2.8976}
{"coin": "LTCUSD", "day": "2020-05-01", "status": 200, "mb": 4.0, "minutes": 1440, "median_half_bp": 1.4873}
{"coin": "BCHUSD", "day": "2020-05-01", "status": 200, "mb": 5.5, "minutes": 1440, "median_half_bp": 1.3081}
{"coin": "BTCUSD", "day": "2020-06-01", "status": 200, "mb": 9.8, "minutes": 1440, "median_half_bp": 0.1858}
{"coin": "ETHUSD", "day": "2020-06-01", "status": 200, "mb": 7.5, "minutes": 1440, "median_half_bp": 0.4898}
{"coin": "BNBUSD", "day": "2020-06-01", "status": 200, "mb": 3.2, "minutes": 1440, "median_half_bp": 1.342}
{"coin": "XRPUSD", "day": "2020-06-01", "status": 200, "mb": 3.2, "minutes": 1440, "median_half_bp": 0.9379}
{"coin": "DOGEUSD", "day": "2020-06-01", "status": 200, "mb": 0.3, "minutes": 1388, "median_half_bp": 11.0868}
{"coin": "ADAUSD", "day": "2020-06-01", "status": 200, "mb": 2.7, "minutes": 1440, "median_half_bp": 2.1879}
{"coin": "LTCUSD", "day": "2020-06-01", "status": 200, "mb": 4.3, "minutes": 1440, "median_half_bp": 1.4511}
{"coin": "BCHUSD", "day": "2020-06-01", "status": 200, "mb": 4.1, "minutes": 1440, "median_half_bp": 1.0589}
{"coin": "BTCUSD", "day": "2020-08-01", "status": 200, "mb": 10.1, "minutes": 1440, "median_half_bp": 0.0429}
{"coin": "ETHUSD", "day": "2020-08-01", "status": 200, "mb": 7.7, "minutes": 1440, "median_half_bp": 0.3346}
{"coin": "BNBUSD", "day": "2020-08-01", "status": 200, "mb": 3.9, "minutes": 1440, "median_half_bp": 1.1807}
{"coin": "XRPUSD", "day": "2020-08-01", "status": 200, "mb": 5.6, "minutes": 1440, "median_half_bp": 0.7646}
{"coin": "DOGEUSD", "day": "2020-08-01", "status": 200, "mb": 1.4, "minutes": 1437, "median_half_bp": 6.4357}
{"coin": "ADAUSD", "day": "2020-08-01", "status": 200, "mb": 4.0, "minutes": 1440, "median_half_bp": 1.1258}
{"coin": "LTCUSD", "day": "2020-08-01", "status": 200, "mb": 3.9, "minutes": 1440, "median_half_bp": 1.3315}
{"coin": "BCHUSD", "day": "2020-08-01", "status": 200, "mb": 5.6, "minutes": 1440, "median_half_bp": 0.7597}
{"coin": "BTCUSD", "day": "2020-09-01", "status": 200, "mb": 9.4, "minutes": 1440, "median_half_bp": 0.0128}
{"coin": "ETHUSD", "day": "2020-09-01", "status": 200, "mb": 7.7, "minutes": 1440, "median_half_bp": 0.1792}
{"coin": "BNBUSD", "day": "2020-09-01", "status": 200, "mb": 5.3, "minutes": 1440, "median_half_bp": 0.867}
{"coin": "SOLUSD", "day": "2020-09-01", "status": 200, "mb": 1.1, "minutes": 1438, "median_half_bp": 11.3351}
{"coin": "XRPUSD", "day": "2020-09-01", "status": 200, "mb": 3.7, "minutes": 1440, "median_half_bp": 0.4437}
{"coin": "DOGEUSD", "day": "2020-09-01", "status": 200, "mb": 0.7, "minutes": 1439, "median_half_bp": 5.2718}
{"coin": "ADAUSD", "day": "2020-09-01", "status": 200, "mb": 3.7, "minutes": 1440, "median_half_bp": 1.6125}
{"coin": "LTCUSD", "day": "2020-09-01", "status": 200, "mb": 3.0, "minutes": 1440, "median_half_bp": 1.2428}
{"coin": "BCHUSD", "day": "2020-09-01", "status": 200, "mb": 4.1, "minutes": 1440, "median_half_bp": 0.4691}
{"coin": "DOTUSD", "day": "2020-09-01", "status": 200, "mb": 3.6, "minutes": 1438, "median_half_bp": 1.927}
{"coin": "BTCUSD", "day": "2020-11-01", "status": 200, "mb": 6.9, "minutes": 1440, "median_half_bp": 0.0054}
{"coin": "ETHUSD", "day": "2020-11-01", "status": 200, "mb": 5.2, "minutes": 1440, "median_half_bp": 0.1661}
{"coin": "BNBUSD", "day": "2020-11-01", "status": 200, "mb": 3.2, "minutes": 1440, "median_half_bp": 0.7238}
{"coin": "SOLUSD", "day": "2020-11-01", "status": 200, "mb": 0.8, "minutes": 1424, "median_half_bp": 8.2681}
{"coin": "XRPUSD", "day": "2020-11-01", "status": 200, "mb": 2.5, "minutes": 1440, "median_half_bp": 0.4297}
{"coin": "DOGEUSD", "day": "2020-11-01", "status": 200, "mb": 0.4, "minutes": 1414, "median_half_bp": 4.9053}
{"coin": "ADAUSD", "day": "2020-11-01", "status": 200, "mb": 4.4, "minutes": 1440, "median_half_bp": 1.7752}
{"coin": "LTCUSD", "day": "2020-11-01", "status": 200, "mb": 2.1, "minutes": 1440, "median_half_bp": 1.1361}
{"coin": "BCHUSD", "day": "2020-11-01", "status": 200, "mb": 2.7, "minutes": 1440, "median_half_bp": 0.5459}
{"coin": "DOTUSD", "day": "2020-11-01", "status": 200, "mb": 2.3, "minutes": 1440, "median_half_bp": 2.1522}
{"coin": "BTCUSD", "day": "2020-12-01", "status": 200, "mb": 10.9, "minutes": 1400, "median_half_bp": 0.0271}
{"coin": "ETHUSD", "day": "2020-12-01", "status": 200, "mb": 9.9, "minutes": 1400, "median_half_bp": 0.2517}
{"coin": "BNBUSD", "day": "2020-12-01", "status": 200, "mb": 6.6, "minutes": 1400, "median_half_bp": 0.9585}
{"coin": "SOLUSD", "day": "2020-12-01", "status": 200, "mb": 3.2, "minutes": 1400, "median_half_bp": 10.7441}
{"coin": "XRPUSD", "day": "2020-12-01", "status": 200, "mb": 9.4, "minutes": 1400, "median_half_bp": 1.115}
{"coin": "DOGEUSD", "day": "2020-12-01", "status": 200, "mb": 1.8, "minutes": 1400, "median_half_bp": 7.6571}
{"coin": "ADAUSD", "day": "2020-12-01", "status": 200, "mb": 6.5, "minutes": 1400, "median_half_bp": 1.9956}
{"coin": "LTCUSD", "day": "2020-12-01", "status": 200, "mb": 6.9, "minutes": 1400, "median_half_bp": 1.482}
{"coin": "BCHUSD", "day": "2020-12-01", "status": 200, "mb": 7.2, "minutes": 1400, "median_half_bp": 1.8037}
{"coin": "DOTUSD", "day": "2020-12-01", "status": 200, "mb": 5.9, "minutes": 1400, "median_half_bp": 2.4415}
{"coin": "BTCUSD", "day": "2021-02-01", "status": 200, "mb": 12.5, "minutes": 1440, "median_half_bp": 0.0794}
{"coin": "ETHUSD", "day": "2021-02-01", "status": 200, "mb": 10.6, "minutes": 1440, "median_half_bp": 0.1884}
{"coin": "BNBUSD", "day": "2021-02-01", "status": 200, "mb": 7.4, "minutes": 1440, "median_half_bp": 0.8817}
{"coin": "SOLUSD", "day": "2021-02-01", "status": 200, "mb": 2.5, "minutes": 1440, "median_half_bp": 5.0132}
{"coin": "XRPUSD", "day": "2021-02-01", "status": 200, "mb": 12.9, "minutes": 1440, "median_half_bp": 2.4636}
{"coin": "DOGEUSD", "day": "2021-02-01", "status": 200, "mb": 10.3, "minutes": 1440, "median_half_bp": 3.3922}
{"coin": "ADAUSD", "day": "2021-02-01", "status": 200, "mb": 6.7, "minutes": 1440, "median_half_bp": 1.3765}
{"coin": "LTCUSD", "day": "2021-02-01", "status": 200, "mb": 5.9, "minutes": 1440, "median_half_bp": 0.4755}
{"coin": "BCHUSD", "day": "2021-02-01", "status": 200, "mb": 6.1, "minutes": 1440, "median_half_bp": 1.3559}
{"coin": "DOTUSD", "day": "2021-02-01", "status": 200, "mb": 5.7, "minutes": 1440, "median_half_bp": 1.2323}
{"coin": "BTCUSD", "day": "2021-03-01", "status": 200, "mb": 12.7, "minutes": 1440, "median_half_bp": 0.0955}
{"coin": "ETHUSD", "day": "2021-03-01", "status": 200, "mb": 11.2, "minutes": 1440, "median_half_bp": 0.2884}
{"coin": "BNBUSD", "day": "2021-03-01", "status": 200, "mb": 11.4, "minutes": 1440, "median_half_bp": 1.1478}
{"coin": "SOLUSD", "day": "2021-03-01", "status": 200, "mb": 3.5, "minutes": 1440, "median_half_bp": 3.4798}
{"coin": "XRPUSD", "day": "2021-03-01", "status": 200, "mb": 6.8, "minutes": 1440, "median_half_bp": 0.4733}
{"coin": "DOGEUSD", "day": "2021-03-01", "status": 200, "mb": 6.5, "minutes": 1440, "median_half_bp": 1.7939}
{"coin": "ADAUSD", "day": "2021-03-01", "status": 200, "mb": 9.1, "minutes": 1440, "median_half_bp": 1.258}
{"coin": "LTCUSD", "day": "2021-03-01", "status": 200, "mb": 6.4, "minutes": 1440, "median_half_bp": 0.4713}
{"coin": "BCHUSD", "day": "2021-03-01", "status": 200, "mb": 6.8, "minutes": 1440, "median_half_bp": 1.2152}
{"coin": "DOTUSD", "day": "2021-03-01", "status": 200, "mb": 7.5, "minutes": 1440, "median_half_bp": 1.2672}
{"coin": "BTCUSD", "day": "2021-05-01", "status": 200, "mb": 11.7, "minutes": 1440, "median_half_bp": 0.0123}
{"coin": "ETHUSD", "day": "2021-05-01", "status": 200, "mb": 11.5, "minutes": 1440, "median_half_bp": 0.0635}
{"coin": "BNBUSD", "day": "2021-05-01", "status": 200, "mb": 9.6, "minutes": 1440, "median_half_bp": 0.1836}
{"coin": "SOLUSD", "day": "2021-05-01", "status": 200, "mb": 4.7, "minutes": 1440, "median_half_bp": 1.527}
{"coin": "XRPUSD", "day": "2021-05-01", "status": 200, "mb": 9.1, "minutes": 1440, "median_half_bp": 0.3671}
{"coin": "DOGEUSD", "day": "2021-05-01", "status": 200, "mb": 10.9, "minutes": 1440, "median_half_bp": 0.6215}
{"coin": "ADAUSD", "day": "2021-05-01", "status": 200, "mb": 6.6, "minutes": 1440, "median_half_bp": 0.4441}
{"coin": "LTCUSD", "day": "2021-05-01", "status": 200, "mb": 6.4, "minutes": 1440, "median_half_bp": 0.4677}
{"coin": "BCHUSD", "day": "2021-05-01", "status": 200, "mb": 8.0, "minutes": 1440, "median_half_bp": 1.1575}
{"coin": "DOTUSD", "day": "2021-05-01", "status": 200, "mb": 6.7, "minutes": 1440, "median_half_bp": 0.5186}
{"coin": "BTCUSD", "day": "2021-06-01", "status": 200, "mb": 12.2, "minutes": 1440, "median_half_bp": 0.0432}
{"coin": "ETHUSD", "day": "2021-06-01", "status": 200, "mb": 13.2, "minutes": 1440, "median_half_bp": 0.1553}
{"coin": "BNBUSD", "day": "2021-06-01", "status": 200, "mb": 9.7, "minutes": 1440, "median_half_bp": 0.4976}
{"coin": "SOLUSD", "day": "2021-06-01", "status": 200, "mb": 4.1, "minutes": 1440, "median_half_bp": 2.4138}
{"coin": "XRPUSD", "day": "2021-06-01", "status": 200, "mb": 9.6, "minutes": 1440, "median_half_bp": 0.5443}
{"coin": "DOGEUSD", "day": "2021-06-01", "status": 200, "mb": 9.5, "minutes": 1440, "median_half_bp": 0.5553}
{"coin": "ADAUSD", "day": "2021-06-01", "status": 200, "mb": 9.4, "minutes": 1440, "median_half_bp": 0.5408}
{"coin": "LTCUSD", "day": "2021-06-01", "status": 200, "mb": 8.2, "minutes": 1440, "median_half_bp": 0.8471}
{"coin": "BCHUSD", "day": "2021-06-01", "status": 200, "mb": 8.3, "minutes": 1440, "median_half_bp": 1.3685}
{"coin": "DOTUSD", "day": "2021-06-01", "status": 200, "mb": 8.3, "minutes": 1440, "median_half_bp": 1.0941}
{"coin": "BTCUSD", "day": "2021-08-01", "status": 200, "mb": 10.3, "minutes": 1440, "median_half_bp": 0.0192}
{"coin": "ETHUSD", "day": "2021-08-01", "status": 200, "mb": 11.3, "minutes": 1440, "median_half_bp": 0.0723}
{"coin": "BNBUSD", "day": "2021-08-01", "status": 200, "mb": 8.1, "minutes": 1440, "median_half_bp": 0.2765}
{"coin": "SOLUSD", "day": "2021-08-01", "status": 200, "mb": 4.3, "minutes": 1440, "median_half_bp": 1.3717}
{"coin": "XRPUSD", "day": "2021-08-01", "status": 200, "mb": 5.1, "minutes": 1440, "median_half_bp": 0.6637}
{"coin": "DOGEUSD", "day": "2021-08-01", "status": 200, "mb": 6.1, "minutes": 1440, "median_half_bp": 0.2855}
{"coin": "ADAUSD", "day": "2021-08-01", "status": 200, "mb": 5.9, "minutes": 1440, "median_half_bp": 0.3954}
{"coin": "LTCUSD", "day": "2021-08-01", "status": 200, "mb": 4.9, "minutes": 1440, "median_half_bp": 0.439}
{"coin": "BCHUSD", "day": "2021-08-01", "status": 200, "mb": 5.0, "minutes": 1440, "median_half_bp": 0.5934}
{"coin": "DOTUSD", "day": "2021-08-01", "status": 200, "mb": 7.6, "minutes": 1440, "median_half_bp": 0.5933}
{"coin": "BTCUSD", "day": "2021-09-01", "status": 200, "mb": 10.8, "minutes": 1440, "median_half_bp": 0.0053}
{"coin": "ETHUSD", "day": "2021-09-01", "status": 200, "mb": 11.3, "minutes": 1440, "median_half_bp": 0.0281}
{"coin": "BNBUSD", "day": "2021-09-01", "status": 200, "mb": 8.9, "minutes": 1440, "median_half_bp": 1.0532}
{"coin": "SOLUSD", "day": "2021-09-01", "status": 200, "mb": 7.7, "minutes": 1440, "median_half_bp": 1.0426}
{"coin": "XRPUSD", "day": "2021-09-01", "status": 200, "mb": 6.4, "minutes": 1440, "median_half_bp": 0.4361}
{"coin": "DOGEUSD", "day": "2021-09-01", "status": 200, "mb": 6.3, "minutes": 1440, "median_half_bp": 1.7846}
{"coin": "ADAUSD", "day": "2021-09-01", "status": 200, "mb": 8.4, "minutes": 1440, "median_half_bp": 1.7725}
{"coin": "LTCUSD", "day": "2021-09-01", "status": 200, "mb": 6.2, "minutes": 1440, "median_half_bp": 2.865}
{"coin": "BCHUSD", "day": "2021-09-01", "status": 200, "mb": 3.4, "minutes": 1440, "median_half_bp": 0.8425}
{"coin": "DOTUSD", "day": "2021-09-01", "status": 200, "mb": 9.4, "minutes": 1440, "median_half_bp": 1.6579}
{"coin": "BTCUSD", "day": "2021-11-01", "status": 200, "mb": 10.3, "minutes": 1440, "median_half_bp": 0.0157}
{"coin": "ETHUSD", "day": "2021-11-01", "status": 200, "mb": 9.8, "minutes": 1440, "median_half_bp": 0.0309}
{"coin": "BNBUSD", "day": "2021-11-01", "status": 200, "mb": 9.2, "minutes": 1440, "median_half_bp": 0.9405}
{"coin": "SOLUSD", "day": "2021-11-01", "status": 200, "mb": 7.1, "minutes": 1440, "median_half_bp": 0.4819}
{"coin": "XRPUSD", "day": "2021-11-01", "status": 200, "mb": 5.9, "minutes": 1440, "median_half_bp": 0.4611}
{"coin": "DOGEUSD", "day": "2021-11-01", "status": 200, "mb": 7.9, "minutes": 1440, "median_half_bp": 1.8473}
{"coin": "ADAUSD", "day": "2021-11-01", "status": 200, "mb": 7.8, "minutes": 1440, "median_half_bp": 2.5609}
{"coin": "LTCUSD", "day": "2021-11-01", "status": 200, "mb": 4.9, "minutes": 1440, "median_half_bp": 2.5929}
{"coin": "BCHUSD", "day": "2021-11-01", "status": 200, "mb": 2.6, "minutes": 1440, "median_half_bp": 0.9522}
{"coin": "DOTUSD", "day": "2021-11-01", "status": 200, "mb": 8.7, "minutes": 1440, "median_half_bp": 1.1239}
{"coin": "BTCUSD", "day": "2021-12-01", "status": 200, "mb": 10.2, "minutes": 1440, "median_half_bp": 0.0168}
{"coin": "ETHUSD", "day": "2021-12-01", "status": 200, "mb": 10.2, "minutes": 1440, "median_half_bp": 0.0485}
{"coin": "BNBUSD", "day": "2021-12-01", "status": 200, "mb": 8.9, "minutes": 1440, "median_half_bp": 0.7908}
{"coin": "SOLUSD", "day": "2021-12-01", "status": 200, "mb": 7.1, "minutes": 1440, "median_half_bp": 0.4245}
{"coin": "XRPUSD", "day": "2021-12-01", "status": 200, "mb": 4.6, "minutes": 1440, "median_half_bp": 0.4999}
{"coin": "DOGEUSD", "day": "2021-12-01", "status": 200, "mb": 5.3, "minutes": 1440, "median_half_bp": 2.3343}
{"coin": "ADAUSD", "day": "2021-12-01", "status": 200, "mb": 7.7, "minutes": 1440, "median_half_bp": 3.1612}
{"coin": "LTCUSD", "day": "2021-12-01", "status": 200, "mb": 4.6, "minutes": 1440, "median_half_bp": 2.3683}
{"coin": "BCHUSD", "day": "2021-12-01", "status": 200, "mb": 2.4, "minutes": 1440, "median_half_bp": 1.2048}
{"coin": "DOTUSD", "day": "2021-12-01", "status": 200, "mb": 5.7, "minutes": 1440, "median_half_bp": 1.3299}
{"coin": "BTCUSD", "day": "2022-02-01", "status": 200, "mb": 9.0, "minutes": 1440, "median_half_bp": 0.0083}
{"coin": "ETHUSD", "day": "2022-02-01", "status": 200, "mb": 9.1, "minutes": 1440, "median_half_bp": 0.0766}
{"coin": "BNBUSD", "day": "2022-02-01", "status": 200, "mb": 6.2, "minutes": 1440, "median_half_bp": 1.3061}
{"coin": "SOLUSD", "day": "2022-02-01", "status": 200, "mb": 7.4, "minutes": 1440, "median_half_bp": 0.6541}
{"coin": "XRPUSD", "day": "2022-02-01", "status": 200, "mb": 3.9, "minutes": 1440, "median_half_bp": 0.8067}
{"coin": "DOGEUSD", "day": "2022-02-01", "status": 200, "mb": 4.8, "minutes": 1440, "median_half_bp": 3.5111}
{"coin": "ADAUSD", "day": "2022-02-01", "status": 200, "mb": 7.4, "minutes": 1440, "median_half_bp": 4.7237}
{"coin": "LTCUSD", "day": "2022-02-01", "status": 200, "mb": 5.4, "minutes": 1440, "median_half_bp": 4.5106}
{"coin": "BCHUSD", "day": "2022-02-01", "status": 200, "mb": 2.9, "minutes": 1440, "median_half_bp": 1.7608}
{"coin": "DOTUSD", "day": "2022-02-01", "status": 200, "mb": 6.2, "minutes": 1440, "median_half_bp": 2.5546}
{"coin": "BTCUSD", "day": "2022-03-01", "status": 200, "mb": 11.3, "minutes": 1440, "median_half_bp": 0.0042}
{"coin": "ETHUSD", "day": "2022-03-01", "status": 200, "mb": 10.0, "minutes": 1440, "median_half_bp": 0.0253}
{"coin": "BNBUSD", "day": "2022-03-01", "status": 200, "mb": 8.1, "minutes": 1440, "median_half_bp": 1.2353}
{"coin": "SOLUSD", "day": "2022-03-01", "status": 200, "mb": 6.5, "minutes": 1440, "median_half_bp": 0.5645}
{"coin": "XRPUSD", "day": "2022-03-01", "status": 200, "mb": 5.2, "minutes": 1440, "median_half_bp": 0.6478}
{"coin": "DOGEUSD", "day": "2022-03-01", "status": 200, "mb": 5.7, "minutes": 1440, "median_half_bp": 3.7655}
{"coin": "ADAUSD", "day": "2022-03-01", "status": 200, "mb": 8.4, "minutes": 1440, "median_half_bp": 5.1816}
{"coin": "LTCUSD", "day": "2022-03-01", "status": 200, "mb": 5.9, "minutes": 1440, "median_half_bp": 4.4507}
{"coin": "BCHUSD", "day": "2022-03-01", "status": 200, "mb": 2.7, "minutes": 1440, "median_half_bp": 1.738}
{"coin": "DOTUSD", "day": "2022-03-01", "status": 200, "mb": 7.5, "minutes": 1440, "median_half_bp": 2.6642}
{"coin": "BTCUSD", "day": "2022-05-01", "status": 200, "mb": 8.9, "minutes": 1440, "median_half_bp": 0.0017}
{"coin": "ETHUSD", "day": "2022-05-01", "status": 200, "mb": 7.1, "minutes": 1440, "median_half_bp": 0.0187}
{"coin": "BNBUSD", "day": "2022-05-01", "status": 200, "mb": 5.1, "minutes": 1440, "median_half_bp": 1.3013}
{"coin": "SOLUSD", "day": "2022-05-01", "status": 200, "mb": 5.4, "minutes": 1440, "median_half_bp": 0.5683}
{"coin": "XRPUSD", "day": "2022-05-01", "status": 200, "mb": 4.5, "minutes": 1440, "median_half_bp": 0.8453}
{"coin": "DOGEUSD", "day": "2022-05-01", "status": 200, "mb": 6.4, "minutes": 1440, "median_half_bp": 3.8066}
{"coin": "ADAUSD", "day": "2022-05-01", "status": 200, "mb": 4.5, "minutes": 1440, "median_half_bp": 0.6503}
{"coin": "LTCUSD", "day": "2022-05-01", "status": 200, "mb": 3.8, "minutes": 1440, "median_half_bp": 5.1658}
{"coin": "BCHUSD", "day": "2022-05-01", "status": 200, "mb": 2.1, "minutes": 1440, "median_half_bp": 1.814}
{"coin": "DOTUSD", "day": "2022-05-01", "status": 200, "mb": 4.2, "minutes": 1440, "median_half_bp": 3.3369}
{"coin": "BTCUSD", "day": "2022-06-01", "status": 200, "mb": 9.1, "minutes": 1440, "median_half_bp": 0.0023}
{"coin": "ETHUSD", "day": "2022-06-01", "status": 200, "mb": 8.2, "minutes": 1440, "median_half_bp": 0.0282}
{"coin": "BNBUSD", "day": "2022-06-01", "status": 200, "mb": 6.5, "minutes": 1440, "median_half_bp": 1.575}
{"coin": "SOLUSD", "day": "2022-06-01", "status": 200, "mb": 6.1, "minutes": 1440, "median_half_bp": 1.1229}
{"coin": "XRPUSD", "day": "2022-06-01", "status": 200, "mb": 4.9, "minutes": 1440, "median_half_bp": 1.2025}
{"coin": "DOGEUSD", "day": "2022-06-01", "status": 200, "mb": 5.0, "minutes": 1440, "median_half_bp": 0.5892}
{"coin": "ADAUSD", "day": "2022-06-01", "status": 200, "mb": 6.3, "minutes": 1440, "median_half_bp": 0.8377}
{"coin": "LTCUSD", "day": "2022-06-01", "status": 200, "mb": 5.8, "minutes": 1440, "median_half_bp": 7.3475}
{"coin": "BCHUSD", "day": "2022-06-01", "status": 200, "mb": 2.7, "minutes": 1440, "median_half_bp": 2.5199}
{"coin": "DOTUSD", "day": "2022-06-01", "status": 200, "mb": 5.7, "minutes": 1440, "median_half_bp": 4.8889}
{"coin": "BTCUSD", "day": "2022-08-01", "status": 200, "mb": 13.1, "minutes": 1440, "median_half_bp": 0.2593}
{"coin": "ETHUSD", "day": "2022-08-01", "status": 200, "mb": 10.7, "minutes": 1440, "median_half_bp": 0.0318}
{"coin": "BNBUSD", "day": "2022-08-01", "status": 200, "mb": 5.9, "minutes": 1440, "median_half_bp": 1.7525}
{"coin": "SOLUSD", "day": "2022-08-01", "status": 200, "mb": 6.1, "minutes": 1440, "median_half_bp": 1.1836}
{"coin": "XRPUSD", "day": "2022-08-01", "status": 200, "mb": 4.6, "minutes": 1440, "median_half_bp": 1.3221}
{"coin": "DOGEUSD", "day": "2022-08-01", "status": 200, "mb": 5.1, "minutes": 1440, "median_half_bp": 0.7323}
{"coin": "ADAUSD", "day": "2022-08-01", "status": 200, "mb": 4.6, "minutes": 1440, "median_half_bp": 0.9741}
{"coin": "LTCUSD", "day": "2022-08-01", "status": 200, "mb": 3.6, "minutes": 1440, "median_half_bp": 0.8503}
{"coin": "BCHUSD", "day": "2022-08-01", "status": 200, "mb": 3.7, "minutes": 1440, "median_half_bp": 3.6094}
{"coin": "DOTUSD", "day": "2022-08-01", "status": 200, "mb": 5.9, "minutes": 1440, "median_half_bp": 5.8881}
{"coin": "BTCUSD", "day": "2022-09-01", "status": 200, "mb": 13.4, "minutes": 1440, "median_half_bp": 0.2057}
{"coin": "ETHUSD", "day": "2022-09-01", "status": 200, "mb": 10.6, "minutes": 1440, "median_half_bp": 0.0339}
{"coin": "BNBUSD", "day": "2022-09-01", "status": 200, "mb": 5.5, "minutes": 1440, "median_half_bp": 1.8065}
{"coin": "SOLUSD", "day": "2022-09-01", "status": 200, "mb": 5.9, "minutes": 1440, "median_half_bp": 1.6017}
{"coin": "XRPUSD", "day": "2022-09-01", "status": 200, "mb": 4.1, "minutes": 1440, "median_half_bp": 1.5349}
{"coin": "DOGEUSD", "day": "2022-09-01", "status": 200, "mb": 5.1, "minutes": 1440, "median_half_bp": 0.8183}
{"coin": "ADAUSD", "day": "2022-09-01", "status": 200, "mb": 5.4, "minutes": 1440, "median_half_bp": 1.1168}
{"coin": "LTCUSD", "day": "2022-09-01", "status": 200, "mb": 4.1, "minutes": 1440, "median_half_bp": 0.9127}
{"coin": "BCHUSD", "day": "2022-09-01", "status": 200, "mb": 3.3, "minutes": 1440, "median_half_bp": 4.3388}
{"coin": "DOTUSD", "day": "2022-09-01", "status": 200, "mb": 4.8, "minutes": 1440, "median_half_bp": 7.1254}
{"coin": "BTCUSD", "day": "2022-11-01", "status": 200, "mb": 13.2, "minutes": 1440, "median_half_bp": 0.1356}
{"coin": "ETHUSD", "day": "2022-11-01", "status": 200, "mb": 8.0, "minutes": 1440, "median_half_bp": 0.032}
{"coin": "BNBUSD", "day": "2022-11-01", "status": 200, "mb": 5.1, "minutes": 1440, "median_half_bp": 1.5381}
{"coin": "SOLUSD", "day": "2022-11-01", "status": 200, "mb": 3.9, "minutes": 1440, "median_half_bp": 1.5305}
{"coin": "XRPUSD", "day": "2022-11-01", "status": 200, "mb": 4.1, "minutes": 1440, "median_half_bp": 1.0853}
{"coin": "DOGEUSD", "day": "2022-11-01", "status": 200, "mb": 11.2, "minutes": 1440, "median_half_bp": 0.4125}
{"coin": "ADAUSD", "day": "2022-11-01", "status": 200, "mb": 3.3, "minutes": 1440, "median_half_bp": 1.2305}
{"coin": "LTCUSD", "day": "2022-11-01", "status": 200, "mb": 2.1, "minutes": 1440, "median_half_bp": 0.9081}
{"coin": "BCHUSD", "day": "2022-11-01", "status": 200, "mb": 1.9, "minutes": 1440, "median_half_bp": 4.3378}
{"coin": "DOTUSD", "day": "2022-11-01", "status": 200, "mb": 3.0, "minutes": 1440, "median_half_bp": 7.5586}
{"coin": "BTCUSD", "day": "2022-12-01", "status": 200, "mb": 12.3, "minutes": 1440, "median_half_bp": 0.1121}
{"coin": "ETHUSD", "day": "2022-12-01", "status": 200, "mb": 7.6, "minutes": 1440, "median_half_bp": 0.0392}
{"coin": "BNBUSD", "day": "2022-12-01", "status": 200, "mb": 4.9, "minutes": 1440, "median_half_bp": 1.6883}
{"coin": "SOLUSD", "day": "2022-12-01", "status": 200, "mb": 3.3, "minutes": 1440, "median_half_bp": 3.6166}
{"coin": "XRPUSD", "day": "2022-12-01", "status": 200, "mb": 2.9, "minutes": 1440, "median_half_bp": 1.2517}
{"coin": "DOGEUSD", "day": "2022-12-01", "status": 200, "mb": 5.6, "minutes": 1440, "median_half_bp": 0.4928}
{"coin": "ADAUSD", "day": "2022-12-01", "status": 200, "mb": 3.1, "minutes": 1440, "median_half_bp": 1.5829}
{"coin": "LTCUSD", "day": "2022-12-01", "status": 200, "mb": 3.0, "minutes": 1440, "median_half_bp": 0.6495}
{"coin": "BCHUSD", "day": "2022-12-01", "status": 200, "mb": 1.7, "minutes": 1440, "median_half_bp": 4.4783}
{"coin": "DOTUSD", "day": "2022-12-01", "status": 200, "mb": 2.5, "minutes": 1440, "median_half_bp": 9.2678}
{"coin": "BTCUSD", "day": "2023-02-01", "status": 200, "mb": 12.8, "minutes": 1440, "median_half_bp": 0.1173}
{"coin": "ETHUSD", "day": "2023-02-01", "status": 200, "mb": 8.0, "minutes": 1440, "median_half_bp": 0.0317}
{"coin": "BNBUSD", "day": "2023-02-01", "status": 200, "mb": 4.4, "minutes": 1440, "median_half_bp": 1.6142}
{"coin": "SOLUSD", "day": "2023-02-01", "status": 200, "mb": 5.4, "minutes": 1440, "median_half_bp": 2.1214}
{"coin": "XRPUSD", "day": "2023-02-01", "status": 200, "mb": 3.4, "minutes": 1440, "median_half_bp": 1.2416}
{"coin": "DOGEUSD", "day": "2023-02-01", "status": 200, "mb": 5.7, "minutes": 1440, "median_half_bp": 0.5456}
{"coin": "ADAUSD", "day": "2023-02-01", "status": 200, "mb": 3.5, "minutes": 1440, "median_half_bp": 1.3071}
{"coin": "LTCUSD", "day": "2023-02-01", "status": 200, "mb": 3.7, "minutes": 1440, "median_half_bp": 0.5281}
{"coin": "BCHUSD", "day": "2023-02-01", "status": 200, "mb": 1.8, "minutes": 1440, "median_half_bp": 3.7811}
{"coin": "DOTUSD", "day": "2023-02-01", "status": 200, "mb": 3.0, "minutes": 1440, "median_half_bp": 0.8091}
{"coin": "BTCUSD", "day": "2023-03-01", "status": 200, "mb": 13.2, "minutes": 1440, "median_half_bp": 0.1103}
{"coin": "ETHUSD", "day": "2023-03-01", "status": 200, "mb": 9.0, "minutes": 1440, "median_half_bp": 0.0304}
{"coin": "BNBUSD", "day": "2023-03-01", "status": 200, "mb": 3.5, "minutes": 1440, "median_half_bp": 1.651}
{"coin": "SOLUSD", "day": "2023-03-01", "status": 200, "mb": 3.7, "minutes": 1440, "median_half_bp": 2.22}
{"coin": "XRPUSD", "day": "2023-03-01", "status": 200, "mb": 3.7, "minutes": 1440, "median_half_bp": 1.312}
{"coin": "DOGEUSD", "day": "2023-03-01", "status": 200, "mb": 3.0, "minutes": 1440, "median_half_bp": 0.6106}
{"coin": "ADAUSD", "day": "2023-03-01", "status": 200, "mb": 2.3, "minutes": 1440, "median_half_bp": 1.3867}
{"coin": "LTCUSD", "day": "2023-03-01", "status": 200, "mb": 2.8, "minutes": 1440, "median_half_bp": 0.5147}
{"coin": "BCHUSD", "day": "2023-03-01", "status": 200, "mb": 1.2, "minutes": 1440, "median_half_bp": 3.73}
{"coin": "DOTUSD", "day": "2023-03-01", "status": 200, "mb": 2.6, "minutes": 1440, "median_half_bp": 0.7702}
DONE p8_quotes
