account 1514831276  server FTMO-Demo  maxbars 100,000
  BTCUSD done
  ETHUSD done
  BNBUSD done
  SOLUSD done
  XRPUSD done
  DOGEUSD done
  ADAUSD done
  LTCUSD done
  BCHUSD done
  DOTUSD done

GATE COUNTS (per coin)
        rows_raw capped_by_maxbars dst_nat_dropped exact_dups same_t_diff_values impossible_deleted zero_spread_flagged rows_clean rows_explore rows_sealed
BTCUSD     77031             False               6          0                  0                  0               21071      77025        53039       23986
ETHUSD     74697             False               6          0                  0                  0               13970      74691        50738       23953
BNBUSD     60661             False              11          0                  0                  0                2064      60650        36274       24376
SOLUSD     12037             False               0          0                  0                  0                  12      12037            0       12037
XRPUSD     73273             False               5          0                  0                  0               13916      73268        49281       23987
DOGEUSD    43056             False               4          0                  0                  0                 584      43052        19065       23987
ADAUSD     43053             False               4          0                  0                  0                 757      43049        19062       23987
LTCUSD     77894             False               5          0                  0                  3               16746      77886        53899       23987
BCHUSD     78477             False              16          0                  0                  0                1418      78461        54093       24368
DOTUSD     43023             False               4          0                  0                  0                1115      43019        19072       23947

EXPLORE SIDE (<= 2023-11-30 UTC): hourly bars per year (full year = 8760)
      BTCUSD  ETHUSD  BNBUSD  SOLUSD  XRPUSD  DOGEUSD  ADAUSD  LTCUSD  BCHUSD  DOTUSD
t                                                                                    
2011     278       0       0       0       0        0       0      68       0       0
2012     366       0       0       0       0        0       0     271       0       0
2013     364       0       0       0       0        0       0     365       0       0
2014     365       0       0       0       0        0       0     365       0       0
2015     365       0       0       0       0        0       0     363       0       0
2016     366     243       0       0     169        0       0     364       0       0
2017    7127    6884     160       0    5415        0       0    6882    2394       0
2018    6892    6883     365       0    6941        0       0    8187    8697       0
2019    6313    6207    1477       0    6275        0       0    6431    8745       0
2020    6358    6274    8759       0    6344        0       0    6357    8757       0
2021    7846    7846    8756       0    7738     2667    2666    7846    8751    2675
2022    8552    8554    8743       0    8552     8553    8551    8553    8738    8551
2023    7847    7847    8014       0    7847     7845    7845    7847    8011    7846

FTMO median FULL spread, bp of mid, per year (explore side; zero-spread bars excluded)
      BTCUSD  ETHUSD  BNBUSD  SOLUSD   XRPUSD  DOGEUSD  ADAUSD  LTCUSD  BCHUSD  DOTUSD
t                                                                                     
2017   34.83     NaN     NaN     NaN      NaN      NaN     NaN     NaN   50.29     NaN
2018   26.15   76.56     NaN     NaN  1130.89      NaN     NaN   92.67  185.04     NaN
2019    2.78  256.45  822.48     NaN   693.99      NaN     NaN  502.03  263.20     NaN
2020    1.99  169.12  611.93     NaN   675.91      NaN     NaN  525.50  297.73     NaN
2021    1.93    9.89    8.54     NaN    18.07    22.61   22.98    9.58   16.32    2.25
2022    3.02   10.12    0.35     NaN    47.46    24.53   23.67   23.09   52.86    2.50
2023    4.21    9.54    0.40     NaN    41.42    27.47   30.39   17.84   42.88    3.82

CLOCK CHECK vs Binance: best shift in hours (should be 0) / corr at shift 0
          BTCUSD      ETHUSD      BNBUSD  SOLUSD      XRPUSD     DOGEUSD      ADAUSD       LTCUSD       BCHUSD      DOTUSD
2011   -3 / None         NaN         NaN     NaN         NaN         NaN         NaN    -3 / None          NaN         NaN
2012   -3 / None         NaN         NaN     NaN         NaN         NaN         NaN    -3 / None          NaN         NaN
2013   -3 / None         NaN         NaN     NaN         NaN         NaN         NaN    -3 / None          NaN         NaN
2014   -3 / None         NaN         NaN     NaN         NaN         NaN         NaN    -3 / None          NaN         NaN
2015   -3 / None         NaN         NaN     NaN         NaN         NaN         NaN    -3 / None          NaN         NaN
2016   -3 / None   -3 / None         NaN     NaN   -3 / None         NaN         NaN    -3 / None          NaN         NaN
2017  +0 / 0.801  +0 / 0.496  -2 / 0.236     NaN   -3 / None         NaN         NaN  +1 / -0.012    -3 / None         NaN
2018  +0 / 0.863  +0 / 0.895  +0 / 0.241     NaN  +0 / 0.554         NaN         NaN   +3 / 0.021    -3 / None         NaN
2019  +0 / 0.854   +0 / 0.88  +1 / 0.071     NaN   +0 / 0.44         NaN         NaN     +2 / 0.0  +1 / -0.006         NaN
2020  +0 / 0.912  +0 / 0.879  +0 / 0.729     NaN   +0 / 0.75         NaN         NaN    +0 / 0.03   +0 / 0.532         NaN
2021  +0 / 0.938  +0 / 0.901  +0 / 0.552     NaN  +0 / 0.913  +0 / 0.991  +0 / 0.243   +0 / 0.956   +0 / 0.664  +0 / 0.988
2022  +0 / 0.984  +0 / 0.982    +0 / 0.6     NaN  +0 / 0.977  +0 / 0.987  +0 / 0.985   +0 / 0.983   +0 / 0.724  +0 / 0.979
2023   +0 / 0.99  +0 / 0.988   +0 / 0.62     NaN   +0 / 0.99  +0 / 0.991   +0 / 0.99   +0 / 0.991   +0 / 0.779  +0 / 0.991
