PART 1 - zero-spread bars, share per year (explore side)
             BTCUSD          ETHUSD         BNBUSD          XRPUSD        DOGEUSD         ADAUSD          LTCUSD         BCHUSD         DOTUSD
t                                                                                                                                             
2011  100.0% of 278             NaN            NaN             NaN            NaN            NaN    100.0% of 68            NaN            NaN
2012  100.0% of 366             NaN            NaN             NaN            NaN            NaN   100.0% of 271            NaN            NaN
2013  100.0% of 364             NaN            NaN             NaN            NaN            NaN   100.0% of 365            NaN            NaN
2014  100.0% of 365             NaN            NaN             NaN            NaN            NaN   100.0% of 365            NaN            NaN
2015  100.0% of 365             NaN            NaN             NaN            NaN            NaN   100.0% of 363            NaN            NaN
2016  100.0% of 366   100.0% of 243            NaN   100.0% of 169            NaN            NaN   100.0% of 364            NaN            NaN
2017  44.9% of 7127  100.0% of 6884  100.0% of 160  100.0% of 5415            NaN            NaN  100.0% of 6882  35.2% of 2394            NaN
2018  18.0% of 6892    8.5% of 6883  100.0% of 365   39.3% of 6941            NaN            NaN   35.0% of 8187   0.4% of 8697            NaN
2019  72.4% of 6313    6.4% of 6207  41.8% of 1477    5.4% of 6275            NaN            NaN    5.8% of 6431   0.5% of 8745            NaN
2020  30.2% of 6358    0.9% of 6274   1.1% of 8759   16.4% of 6344            NaN            NaN    8.2% of 6357   1.1% of 8757            NaN
2021  57.9% of 7846   73.7% of 7846   5.1% of 8756   54.5% of 7738  21.7% of 2667  27.4% of 2666   54.6% of 7846   1.3% of 8751  40.7% of 2675
2022   0.0% of 8552    0.0% of 8554   1.2% of 8743    0.0% of 8552   0.0% of 8553   0.0% of 8551    0.0% of 8553   1.2% of 8738   0.0% of 8551
2023   0.0% of 7847    0.0% of 7847   1.4% of 8014    0.0% of 7847   0.0% of 7845   0.0% of 7845    0.0% of 7847   1.0% of 8011   0.0% of 7846
  BTCUSD done
  ETHUSD done
  XRPUSD done
  DOGEUSD done
  ADAUSD done
  LTCUSD done
  DOTUSD done

PART 2 - FTMO hourly bars vs FTMO ticks (15th of each month, 2022-02 .. 2023-11)
         days  hours  bars_are_bid_%  mid_err_median_bp  |mid_err|_p90_bp  bar_spread_bp  tick_min_bp  tick_last_bp  tick_timewtd_bp  bar==min_%  bar==last_%  zero_bars
symbol                                                                                                                                                                  
BTCUSD     21    494            96.8               0.00              0.63           4.26         4.26          4.36             4.37       100.0         86.6          0
ETHUSD     21    494            97.6               0.00              0.00          10.37        10.37         10.41            10.43       100.0         96.6          0
XRPUSD     21    494            97.0               0.00              4.26          47.03        47.03         51.60            51.65       100.0         68.4          0
DOGEUSD    21    494            98.2               0.00              5.50          27.05        27.05         31.00            30.95        99.4         61.9          0
ADAUSD     21    494           100.0               0.00              4.64          27.11        27.11         30.19            30.29        99.2         57.5          0
LTCUSD     21    494            99.2               0.00              1.36          20.51        20.51         20.72            21.25       100.0         72.5          0
DOTUSD     21    494            98.0             -15.99             21.87           3.31        33.12         34.85            35.56         0.0          0.0          0
