  2014-12-15 59 rows (1s)
  2015-01-15 skip (0s)
  2015-02-15 skip (0s)
  2015-03-15 skip (0s)
  2015-04-15 skip (0s)
  2015-05-15 skip (0s)
  2015-06-15 skip (0s)
  2015-07-15 skip (0s)
  2015-08-15 skip (0s)
  2015-09-15 skip (0s)
  2015-10-15 skip (0s)
  2015-11-15 skip (0s)
  2015-12-15 skip (0s)
  2016-01-15 skip (0s)
  2016-02-15 skip (0s)
  2016-03-15 skip (0s)
  2016-04-15 skip (0s)
  2016-05-15 skip (0s)
  2016-06-15 skip (0s)
  2016-07-15 skip (0s)
  2016-08-15 skip (0s)
  2016-09-15 skip (0s)
  2016-10-15 skip (0s)
  2016-11-15 skip (0s)
  2016-12-15 skip (0s)
  2017-01-15 skip (0s)
  2017-02-15 skip (0s)
  2017-03-15 skip (0s)
  2017-04-15 skip (0s)
  2017-05-15 skip (0s)
  2017-06-15 skip (0s)
  2017-07-15 skip (0s)
  2017-08-15 skip (0s)
  2017-09-15 skip (0s)
  2017-10-15 skip (0s)
  2017-11-15 skip (0s)
  2017-12-15 skip (0s)
  2018-01-15 skip (0s)
  2018-02-15 skip (0s)
  2018-03-15 192 rows (9s)
  2018-04-15 skip (0s)
  2018-05-15 skip (0s)
  2018-06-15 skip (0s)
  2018-07-15 skip (0s)
  2018-08-15 skip (0s)
  2018-09-15 skip (0s)
  2018-10-15 skip (0s)
  2018-11-15 skip (0s)
  2018-12-15 skip (0s)
  2019-01-15 skip (0s)
  2019-02-15 skip (0s)
  2019-03-15 skip (0s)
  2019-04-15 skip (0s)
  2019-05-15 skip (0s)
  2019-06-15 skip (0s)
  2019-07-15 skip (0s)
  2019-08-15 skip (0s)
  2019-09-15 skip (0s)
  2019-10-15 skip (0s)
  2019-11-15 skip (0s)
  2019-12-15 skip (0s)
  2020-01-15 skip (0s)
  2020-02-15 skip (0s)
  2020-03-15 skip (0s)
  2020-04-15 skip (0s)
  2020-05-15 skip (0s)
  2020-06-15 skip (0s)
  2020-07-15 skip (0s)
  2020-08-15 skip (0s)
  2020-09-15 skip (0s)
  2020-10-15 skip (0s)
  2020-11-15 skip (0s)
  2020-12-15 skip (0s)
  2021-01-15 skip (0s)
  2021-02-15 skip (0s)
  2021-03-15 skip (0s)
  2021-04-15 skip (0s)
  2021-05-15 skip (0s)
  2021-06-15 skip (0s)
  2021-07-15 skip (0s)
  2021-08-15 skip (0s)
  2021-09-15 skip (0s)
  2021-10-15 skip (0s)
  2021-11-15 skip (0s)
  2021-12-15 skip (0s)
  2022-01-15 skip (0s)
  2022-02-15 skip (0s)
  2022-03-15 skip (0s)
  2022-04-15 skip (0s)
  2022-05-15 skip (0s)
  2022-06-15 908 rows (89s)
  2022-07-15 768 rows (46s)
  2022-08-15 807 rows (56s)
  2022-09-15 955 rows (92s)
  2022-10-15 790 rows (18s)
  2022-11-15 765 rows (34s)
  2022-12-15 968 rows (35s)
  2023-01-15 808 rows (32s)
  2023-02-15 792 rows (55s)
  2023-03-15 909 rows (73s)
  2023-04-15 745 rows (23s)
  2023-05-15 766 rows (35s)
  2023-06-15 877 rows (52s)
  2023-07-15 713 rows (44s)

gzip: stdin: unexpected end of file
  2023-08-15 DOWNLOAD FAILED (curl rc 6) (11s)

gzip: stdin: unexpected end of file
  2023-09-15 DOWNLOAD FAILED (curl rc 6) (0s)

gzip: stdin: unexpected end of file
  2023-10-15 DOWNLOAD FAILED (curl rc 6) (0s)

gzip: stdin: unexpected end of file
  2023-11-15 DOWNLOAD FAILED (curl rc 6) (0s)
   coin  year  days  hours                                contracts xbt_priced  spread_bp      ref  ret_corr  best_shift  basis_bp  abs_basis_p90
 ADAUSD  2018    11    264       ADAF18,ADAH18,ADAM18,ADAU18,ADAZ18       100%       9.16     none       NaN         NaN       NaN            NaN
 ADAUSD  2019    12    288              ADAH19,ADAM19,ADAU19,ADAZ19       100%      17.21  binance     0.924         0.0      67.2          261.4
 ADAUSD  2020    12    288   ADAH20,ADAM20,ADAU20,ADAUSDTZ20,ADAZ20        83%      14.49  binance     0.960         0.0      -5.9          525.6
 ADAUSD  2021    12    288                    ADAH21,ADAUSD,ADAUSDT        17%      22.76  binance     0.982         0.0      12.2          819.0
 ADAUSD  2022    12    288                                   ADAUSD         0%       4.25 coinbase     0.981         0.0       8.3           19.5
 ADAUSD  2023     7    168                                   ADAUSD         0%       3.01 coinbase     0.996         0.0       3.3           14.5
 BCHUSD  2017     2     41                            BCHX17,BCHZ17       100%      39.14     none       NaN         NaN       NaN            NaN
 BCHUSD  2018    11    264       BCHF18,BCHH18,BCHM18,BCHU18,BCHZ18       100%      14.36 coinbase     0.866         0.0      92.6          478.3
 BCHUSD  2019    12    288              BCHH19,BCHM19,BCHU19,BCHZ19       100%       3.68 coinbase     0.977         0.0      14.9          143.7
 BCHUSD  2020    12    288                     BCHH20,BCHM20,BCHUSD        50%       3.06 coinbase     0.952         0.0       8.1          118.5
 BCHUSD  2021    12    288                                   BCHUSD         0%       3.98 coinbase     0.996         0.0      13.4           31.9
 BCHUSD  2022    12    288                                   BCHUSD         0%       4.60 coinbase     0.995         0.0       8.6           23.6
 BCHUSD  2023     7    168                                   BCHUSD         0%       4.04 coinbase     0.994         0.0       6.0           18.5
 BNBUSD  2020     2     45                    BNBUSDTH21,BNBUSDTZ20         0%     189.16  binance    -0.051         2.0     473.1          589.6
 BNBUSD  2021    10    240                BNBUSD,BNBUSDT,BNBUSDTH21         0%      18.64  binance     0.868         0.0      11.8         1249.9
 BNBUSD  2022    12    288                                   BNBUSD         0%       8.15  binance     0.994         0.0       5.2           19.9
 BNBUSD  2023     7    168                                   BNBUSD         0%       2.23  binance     0.981         0.0       9.0           34.2
 BTCUSD  2014     1     19                                   XBTF15         0%     174.71 bitstamp    -0.229        -1.0     367.7          586.9
 BTCUSD  2015    12    256 XBT7D,XBTF15,XBTG15,XBTH15,XBTJ15,XBTK15         0%      42.23 bitstamp     0.851         0.0     166.4          356.4
 BTCUSD  2016    12    288                                   XBTUSD         0%       7.54 coinbase     0.818         0.0     -14.1           75.5
 BTCUSD  2017    12    288                                   XBTUSD         0%       0.67 coinbase     0.963         0.0     -16.4          151.3
 BTCUSD  2018    11    264                                   XBTUSD         0%       0.77 coinbase     0.992         0.0      -4.3           22.7
 BTCUSD  2019    12    288                                   XBTUSD         0%       0.61 coinbase     0.995         0.0      -2.0           12.4
 BTCUSD  2020    12    273                                   XBTUSD         0%       0.50 coinbase     0.995         0.0      -0.6            9.7
 BTCUSD  2021    12    288                                   XBTUSD         0%       0.10 coinbase     0.998         0.0      -2.2           12.5
 BTCUSD  2022    12    288                                   XBTUSD         0%       0.22 coinbase     0.999         0.0      -4.8            8.8
 BTCUSD  2023     7    168                                   XBTUSD         0%       0.20 coinbase     0.998         0.0      -3.6            8.7
DOGEUSD  2021    11    264                         DOGEUSD,DOGEUSDT         0%       8.60  binance     0.997         0.0      16.7           43.5
DOGEUSD  2022    12    288                                  DOGEUSD         0%       5.34 coinbase     0.996         0.0      10.5           25.7
DOGEUSD  2023     7    168                                  DOGEUSD         0%       2.33 coinbase     0.994         0.0      12.5           22.7
 DOTUSD  2020     2     48                               DOTUSDTZ20         0%      77.84  binance     0.816         0.0     304.7          708.6
 DOTUSD  2021    12    288                DOTUSD,DOTUSDT,DOTUSDTH21         0%      23.07  binance     0.907         0.0      24.1          783.4
 DOTUSD  2022    12    288                                   DOTUSD         0%      12.23 coinbase     0.994         0.0       8.2           30.1
 DOTUSD  2023     7    168                                   DOTUSD         0%       7.42 coinbase     0.993         0.0       4.3           21.5
 ETHUSD  2015     5     98                                   ETHXBT       100%     279.73     none       NaN         NaN       NaN            NaN
 ETHUSD  2016    12    287                             ETH7D,ETHXBT       100%      72.60     none       NaN         NaN       NaN            NaN
 ETHUSD  2017    12    288        ETH7D,ETHJ17,ETHM17,ETHU17,ETHZ17       100%      55.44 coinbase     0.925         0.0     136.9          694.7
 ETHUSD  2018    11    264                     ETHH18,ETHM18,ETHUSD        55%       2.60 coinbase     0.965         0.0       5.6          123.2
 ETHUSD  2019    12    288                                   ETHUSD         0%       2.76 coinbase     0.994         0.0       5.5           18.5
 ETHUSD  2020    12    288                                   ETHUSD         0%       2.08 coinbase     0.998         0.0       6.5           17.3
 ETHUSD  2021    12    288                                   ETHUSD         0%       0.19 coinbase     0.996         0.0       5.9           20.3
 ETHUSD  2022    12    288                                   ETHUSD         0%       0.39 coinbase     0.997         0.0       6.2           18.0
 ETHUSD  2023     7    168                                   ETHUSD         0%       0.30 coinbase     0.995         0.0       5.0           13.3
 LTCUSD  2016     8    169                             LTC7D,LTCXBT       100%     126.58     none       NaN         NaN       NaN            NaN
 LTCUSD  2017    12    288               LTC7D,LTCM17,LTCU17,LTCZ17       100%     101.23 coinbase     0.881         0.0     160.9          992.2
 LTCUSD  2018    11    264              LTCH18,LTCM18,LTCU18,LTCZ18       100%      11.78 coinbase     0.956         0.0      17.9          341.0
 LTCUSD  2019    12    288              LTCH19,LTCM19,LTCU19,LTCZ19       100%       7.34 coinbase     0.977         0.0     -22.8          199.1
 LTCUSD  2020    12    288              LTCH20,LTCM20,LTCU20,LTCUSD        58%       7.74 coinbase     0.983         0.0      -0.8          124.1
 LTCUSD  2021    12    288                                   LTCUSD         0%       6.71 coinbase     0.997         0.0      13.3           28.7
 LTCUSD  2022    12    288                                   LTCUSD         0%       4.04 coinbase     0.997         0.0       9.7           19.8
 LTCUSD  2023     7    168                                   LTCUSD         0%       2.39 coinbase     0.995         0.0       5.8           14.3
 SOLUSD  2021     7    168                           SOLUSD,SOLUSDT         0%      15.17 coinbase     0.997         0.0      11.0           31.7
 SOLUSD  2022    12    288                                   SOLUSD         0%       3.60 coinbase     0.997         0.0       8.5           21.5
 SOLUSD  2023     7    168                                   SOLUSD         0%       4.72 coinbase     0.995         0.0       8.5           17.1
 XRPUSD  2016     3     72                                    XRP7D       100%      96.03     none       NaN         NaN       NaN            NaN
 XRPUSD  2017    12    287               XRP7D,XRPM17,XRPU17,XRPZ17       100%     119.40     none       NaN         NaN       NaN            NaN
 XRPUSD  2018    11    264              XRPH18,XRPM18,XRPU18,XRPZ18       100%       1.95     none       NaN         NaN       NaN            NaN
 XRPUSD  2019    12    288              XRPH19,XRPM19,XRPU19,XRPZ19       100%       2.79 coinbase     0.960         0.0      59.8          277.3
 XRPUSD  2020    11    264                            XRPH20,XRPUSD         9%       4.05 coinbase     0.991         0.0       7.5           26.0
 XRPUSD  2021    12    288                                   XRPUSD         0%       2.66  binance     0.998         0.0      14.4           34.0
 XRPUSD  2022    12    288                                   XRPUSD         0%       2.69  binance     0.997         0.0       9.2           17.3
 XRPUSD  2023     7    168                                   XRPUSD         0%       2.59  binance     0.994         0.0      14.5           40.3
exit 0
