fetching BTC-e (streamed, one month at a time)
  BTC-e 2015-04: 258,123 snapshots -> 720 hours, crossed/empty dropped 332
  BTC-e 2016-04: 258,755 snapshots -> 720 hours, crossed/empty dropped 145
  BTC-e 2015-08: DOWNLOAD FAILED rc 35 - nothing written
  BTC-e 2016-08: 266,810 snapshots -> 743 hours, crossed/empty dropped 272
  BTC-e 2015-12: DOWNLOAD FAILED rc 35 - nothing written
  BTC-e 2015-01: 217,091 snapshots -> 744 hours, crossed/empty dropped 50346
  BTC-e 2016-01: 259,468 snapshots -> 730 hours, crossed/empty dropped 528
  BTC-e 2015-02: 241,348 snapshots -> 672 hours, crossed/empty dropped 349
  BTC-e 2016-02: 249,935 snapshots -> 696 hours, crossed/empty dropped 355
  BTC-e 2015-07: 263,981 snapshots -> 741 hours, crossed/empty dropped 396
  BTC-e 2016-07: 266,717 snapshots -> 744 hours, crossed/empty dropped 127
  BTC-e 2015-06: DOWNLOAD FAILED rc 35 - nothing written
  BTC-e 2016-06: 257,783 snapshots -> 720 hours, crossed/empty dropped 442
  BTC-e 2015-03: 265,698 snapshots -> 744 hours, crossed/empty dropped 353
  BTC-e 2016-03: DOWNLOAD FAILED rc 35 - nothing written
  BTC-e 2015-05: 266,004 snapshots -> 744 hours, crossed/empty dropped 268
  BTC-e 2016-05: 267,512 snapshots -> 744 hours, crossed/empty dropped 147
  BTC-e 2015-11: 258,224 snapshots -> 720 hours, crossed/empty dropped 610
  BTC-e 2015-10: DOWNLOAD FAILED rc 35 - nothing written
  BTC-e 2015-09: 256,040 snapshots -> 720 hours, crossed/empty dropped 305
           check    venue    coin  year  hours  days  gap_bp  gap_med  gap_p90  hr_corr  day_diff_bp PASS
    A same-venue  binance  BTCUSD  2019    216     9   -0.02     0.82     1.93   0.9994         1.08  yes
    A same-venue  binance  BTCUSD  2020    287    12    0.00     0.05     0.72   1.0000         0.26  yes
    A same-venue  binance  BTCUSD  2021    288    12   -0.00     0.00     0.55   1.0000         0.11  yes
    A same-venue  binance  BTCUSD  2022    288    12   -0.00     0.00     0.40   1.0000         0.05  yes
    A same-venue  binance  BTCUSD  2023     72     3   -0.03     0.16     0.38   1.0000         0.19  yes
       B vs FTMO  binance  BTCUSD  2022   8550   356    1.55     3.20    11.62   0.9933         1.46  yes
       B vs FTMO  binance  BTCUSD  2023   7846   330    0.39     3.92     8.52   0.9927         1.53  yes
C vs BitMEX perp  binance  BTCUSD  2017     96     4  -69.49    54.71   122.67   0.9313        25.42   NO
C vs BitMEX perp  binance  BTCUSD  2018    264    11    2.27    18.38   364.41   0.9256         9.05   NO
C vs BitMEX perp  binance  BTCUSD  2019    270    12   -1.61    27.41    97.92   0.9825        10.71   NO
C vs BitMEX perp  binance  BTCUSD  2020    273    11   -1.45     6.20    17.78   0.9936         8.18   NO
C vs BitMEX perp  binance  BTCUSD  2021    288    12   -2.25     4.76    13.79   0.9982         4.41  yes
C vs BitMEX perp  binance  BTCUSD  2022    288    12    4.08     4.06    14.42   0.9990         3.22  yes
C vs BitMEX perp  binance  BTCUSD  2023    168     7   -0.96     4.93    26.21   0.9965         3.89  yes
       B vs FTMO coinbase  BTCUSD  2022   8550   356    1.31     1.73     5.49   0.9942         1.55  yes
       B vs FTMO coinbase  BTCUSD  2023   7844   330    0.86     2.21     7.57   0.9937         1.81  yes
C vs BitMEX perp coinbase  BTCUSD  2015     72     3    4.92    45.24   126.78   0.8007        61.55   NO
C vs BitMEX perp coinbase  BTCUSD  2016    288    12   14.15    25.78    66.55   0.8180        29.01   NO
C vs BitMEX perp coinbase  BTCUSD  2017    285    12   16.39    47.39   147.92   0.9629        40.31   NO
C vs BitMEX perp coinbase  BTCUSD  2018    264    11    4.33     7.43    22.55   0.9917        10.81   NO
C vs BitMEX perp coinbase  BTCUSD  2019    288    12    2.02     5.32    12.26   0.9954         5.91   NO
C vs BitMEX perp coinbase  BTCUSD  2020    273    11    0.59     3.80     9.57   0.9949         7.66   NO
C vs BitMEX perp coinbase  BTCUSD  2021    288    12    2.18     4.42    13.66   0.9979         5.24   NO
C vs BitMEX perp coinbase  BTCUSD  2022    288    12    4.82     1.95     5.40   0.9986         4.26  yes
C vs BitMEX perp coinbase  BTCUSD  2023    168     7    3.56     3.13     7.63   0.9975         5.80   NO
      D vs BTC-e coinbase  BTCUSD  2015   1706    71  146.61    53.30   161.69   0.8448        41.58   NO
      D vs BTC-e coinbase  BTCUSD  2016   5097   212  101.02    84.38   235.42   0.7562        48.90   NO
       B vs FTMO bitstamp  BTCUSD  2022   8550   356    2.25     2.33     7.53   0.9900         2.59  yes
       B vs FTMO bitstamp  BTCUSD  2023   7847   330    1.32     2.56     7.89   0.9929         2.09  yes
C vs BitMEX perp bitstamp  BTCUSD  2015     72     3  -36.64    23.85    92.58   0.8596         9.73   NO
C vs BitMEX perp bitstamp  BTCUSD  2016    288    12   -6.53    15.65    45.26   0.8729        12.90   NO
C vs BitMEX perp bitstamp  BTCUSD  2017    288    12  -15.88    39.41   122.59   0.9747        28.62   NO
C vs BitMEX perp bitstamp  BTCUSD  2018    264    11    5.95     7.04    19.23   0.9904         9.51   NO
C vs BitMEX perp bitstamp  BTCUSD  2019    288    12    1.57     5.11    14.54   0.9908         4.93  yes
C vs BitMEX perp bitstamp  BTCUSD  2020    273    11    0.43     4.76    11.59   0.9920         4.72  yes
C vs BitMEX perp bitstamp  BTCUSD  2021    288    12    2.12     5.51    14.26   0.9967         5.92   NO
C vs BitMEX perp bitstamp  BTCUSD  2022    288    12    5.71     2.65     6.92   0.9979         3.11  yes
C vs BitMEX perp bitstamp  BTCUSD  2023    168     7    3.59     2.85     7.80   0.9958         7.41   NO
      D vs BTC-e bitstamp  BTCUSD  2015   5805   242  105.26    72.14   213.08   0.6959        48.48   NO
      D vs BTC-e bitstamp  BTCUSD  2016   5097   212   58.49    75.28   205.94   0.7929        36.11   NO
    A same-venue  binance  ETHUSD  2019    216     9    0.27     1.02     2.35   0.9995         1.48  yes
    A same-venue  binance  ETHUSD  2020    287    12    0.08     0.38     1.37   0.9999         0.96  yes
    A same-venue  binance  ETHUSD  2021    288    12   -0.01     0.04     0.88   1.0000         0.24  yes
    A same-venue  binance  ETHUSD  2022    288    12    0.01     0.03     0.05   1.0000         0.00  yes
    A same-venue  binance  ETHUSD  2023     72     3   -0.03     0.03     0.04   1.0000         0.08  yes
       B vs FTMO  binance  ETHUSD  2022   8554   356    2.04     2.75     9.82   0.9952         1.83  yes
       B vs FTMO  binance  ETHUSD  2023   7846   330    0.05     3.91     8.51   0.9918         1.45  yes
C vs BitMEX perp  binance  ETHUSD  2018    120     5  104.79   119.77   538.56   0.9460        41.94   NO
C vs BitMEX perp  binance  ETHUSD  2019    270    12   -8.69    28.41    93.21   0.9895         8.91   NO
C vs BitMEX perp  binance  ETHUSD  2020    288    12   -7.03     7.58    20.12   0.9967        14.80   NO
C vs BitMEX perp  binance  ETHUSD  2021    288    12   -8.66     5.08    17.94   0.9968         7.52   NO
C vs BitMEX perp  binance  ETHUSD  2022    288    12   -5.43     4.64    14.77   0.9961         7.20   NO
C vs BitMEX perp  binance  ETHUSD  2023    168     7   -9.20     6.17    27.48   0.9938         3.44  yes
       B vs FTMO coinbase  ETHUSD  2022   8554   356    1.58     2.29     7.51   0.9953         2.10  yes
       B vs FTMO coinbase  ETHUSD  2023   7844   330    0.68     2.06     6.94   0.9939         1.64  yes
C vs BitMEX perp coinbase  ETHUSD  2018    120     5    4.31    12.69    40.05   0.9873         8.41   NO
C vs BitMEX perp coinbase  ETHUSD  2019    288    12   -5.48     6.70    16.35   0.9936         8.94   NO
C vs BitMEX perp coinbase  ETHUSD  2020    288    12   -6.53     5.36    13.19   0.9976         5.49   NO
C vs BitMEX perp coinbase  ETHUSD  2021    288    12   -5.93     4.84    17.20   0.9961         8.44   NO
C vs BitMEX perp coinbase  ETHUSD  2022    288    12   -6.16     3.83    11.80   0.9966         7.06   NO
C vs BitMEX perp coinbase  ETHUSD  2023    168     7   -4.97     4.20     9.44   0.9946         5.19   NO
    A same-venue  binance  BNBUSD  2019    216     9    0.99     2.44     5.73   0.9979         3.14  yes
    A same-venue  binance  BNBUSD  2020    287    12    0.32     1.14     3.37   0.9994         2.24  yes
    A same-venue  binance  BNBUSD  2021    288    12    0.08     0.91     1.61   0.9999         1.05  yes
    A same-venue  binance  BNBUSD  2022    288    12    0.97     1.56     1.82   0.9995         2.61  yes
    A same-venue  binance  BNBUSD  2023     72     3    1.58     1.65     2.05   0.9980         0.01  yes
       B vs FTMO  binance  BNBUSD  2022   8638   360    6.23     4.43    59.99   0.6017         5.02   NO
       B vs FTMO  binance  BNBUSD  2023   7904   312    0.70     6.88    38.81   0.6269         4.99  yes
C vs BitMEX perp  binance  BNBUSD  2021    168     7   -5.55     7.62    22.36   0.9920        19.30   NO
C vs BitMEX perp  binance  BNBUSD  2022    288    12   -5.21     7.76    19.22   0.9939         5.75   NO
C vs BitMEX perp  binance  BNBUSD  2023    168     7   -8.99    10.37    25.42   0.9810        10.71   NO
    A same-venue  binance  SOLUSD  2020     95     4   -1.26     7.74    18.02   0.9956         8.57   NO
    A same-venue  binance  SOLUSD  2021    288    12    0.18     1.42     5.60   0.9995         1.70  yes
    A same-venue  binance  SOLUSD  2022    288    12    0.39     1.35     3.17   0.9998         0.98  yes
    A same-venue  binance  SOLUSD  2023     72     3    2.11     2.22     5.08   0.9981         0.08  yes
C vs BitMEX perp  binance  SOLUSD  2021    168     7  -15.94     5.55    23.61   0.9974         6.21   NO
C vs BitMEX perp  binance  SOLUSD  2022    288    12   -9.15     6.36    17.51   0.9979         6.59   NO
C vs BitMEX perp  binance  SOLUSD  2023    168     7  -12.61     9.85    34.16   0.9959         6.89   NO
C vs BitMEX perp coinbase  SOLUSD  2021    144     6  -10.97     5.96    28.35   0.9965         5.78   NO
C vs BitMEX perp coinbase  SOLUSD  2022    288    12   -8.47     5.98    19.08   0.9971         7.43   NO
C vs BitMEX perp coinbase  SOLUSD  2023    168     7   -8.51     6.59    15.38   0.9948         6.29   NO
    A same-venue  binance  XRPUSD  2019    216     9    0.08     1.38     2.94   0.9981         2.56  yes
    A same-venue  binance  XRPUSD  2020    287    12   -0.18     0.66     2.01   0.9999         1.24  yes
    A same-venue  binance  XRPUSD  2021    288    12    0.22     0.50     2.09   0.9999         0.96  yes
    A same-venue  binance  XRPUSD  2022    288    12    0.59     1.08     1.55   0.9996         0.03  yes
    A same-venue  binance  XRPUSD  2023     72     3    1.24     1.31     1.48   0.9991         0.03  yes
       B vs FTMO  binance  XRPUSD  2022   8552   356    5.62     3.08    12.34   0.9891         2.87  yes
       B vs FTMO  binance  XRPUSD  2023   7844   330    1.36     4.30    11.72   0.9942         3.04  yes
C vs BitMEX perp  binance  XRPUSD  2020    240    10  -10.76     8.19    19.82   0.9931        12.19   NO
C vs BitMEX perp  binance  XRPUSD  2021    288    12  -14.42     5.29    19.93   0.9977         7.69   NO
C vs BitMEX perp  binance  XRPUSD  2022    288    12   -9.24     4.91    13.58   0.9972         7.10   NO
C vs BitMEX perp  binance  XRPUSD  2023    168     7  -14.48     6.23    27.93   0.9945         6.34   NO
       B vs FTMO coinbase  XRPUSD  2023   3262   138    2.78     3.93     9.79   0.9974         3.29  yes
C vs BitMEX perp coinbase  XRPUSD  2020    240    10   -6.09     6.57    17.37   0.9913         9.21   NO
C vs BitMEX perp coinbase  XRPUSD  2021     24     1  -32.54    14.58    23.26   0.9967        53.83   NO
C vs BitMEX perp coinbase  XRPUSD  2023     24     1   -8.34     2.86     6.64   0.9974         0.12  yes
    A same-venue  binance DOGEUSD  2019    111     3    3.27    13.40    24.92   0.8985        23.43   NO
    A same-venue  binance DOGEUSD  2020    276    11    2.41     8.06    18.23   0.9828        10.70   NO
    A same-venue  binance DOGEUSD  2021    288    12    0.24     1.81     3.45   0.9997         0.86  yes
    A same-venue  binance DOGEUSD  2022    288    12    0.48     1.32     3.78   0.9995         1.52  yes
    A same-venue  binance DOGEUSD  2023     72     3   -0.54     0.61     0.72   0.9999         1.06  yes
       B vs FTMO  binance DOGEUSD  2022   8553   356   -0.44     4.54    12.38   0.9956         3.94  yes
       B vs FTMO  binance DOGEUSD  2023   7844   330    3.57     2.40     9.47   0.9961         2.34  yes
C vs BitMEX perp  binance DOGEUSD  2021    264    11  -16.64     6.41    31.74   0.9970         8.56   NO
C vs BitMEX perp  binance DOGEUSD  2022    288    12  -11.70     6.30    16.60   0.9961         4.75  yes
C vs BitMEX perp  binance DOGEUSD  2023    168     7  -13.93     7.72    28.00   0.9945         5.71   NO
       B vs FTMO coinbase DOGEUSD  2022   8553   356   -0.36     5.06    13.75   0.9948         4.58  yes
       B vs FTMO coinbase DOGEUSD  2023   7840   330    4.24     4.24    14.64   0.9907         3.21  yes
C vs BitMEX perp coinbase DOGEUSD  2021    168     7   -9.48     4.44    12.87   0.9965         3.98  yes
C vs BitMEX perp coinbase DOGEUSD  2022    288    12  -10.48     6.80    18.01   0.9955         8.03   NO
C vs BitMEX perp coinbase DOGEUSD  2023    168     7  -12.49     6.39    16.08   0.9937         5.69   NO
    A same-venue  binance  ADAUSD  2019    215     9    1.13     3.38     7.73   0.9957         5.00   NO
    A same-venue  binance  ADAUSD  2020    287    12    0.36     1.66     4.53   0.9994         0.81  yes
    A same-venue  binance  ADAUSD  2021    288    12    0.28     1.13     3.12   0.9996         1.93  yes
    A same-venue  binance  ADAUSD  2022    288    12    0.73     1.23     4.76   0.9987         1.49  yes
    A same-venue  binance  ADAUSD  2023     72     3   -1.31     1.39     2.04   0.9993         0.05  yes
       B vs FTMO  binance  ADAUSD  2022   8551   356    0.00     5.02    13.49   0.9936         4.23  yes
       B vs FTMO  binance  ADAUSD  2023   7844   330    3.10     3.10     9.41   0.9956         3.47  yes
C vs BitMEX perp  binance  ADAUSD  2021    240    10  -15.88     9.85    51.62   0.9820        11.97   NO
C vs BitMEX perp  binance  ADAUSD  2022    288    12   -8.18     7.75    17.56   0.9953         3.96  yes
C vs BitMEX perp  binance  ADAUSD  2023    168     7   -9.34     7.90    27.52   0.9960         4.09  yes
       B vs FTMO coinbase  ADAUSD  2022   8551   356    0.00     5.07    13.57   0.9930         4.20  yes
       B vs FTMO coinbase  ADAUSD  2023   7840   330    4.08     4.08    14.43   0.9917         3.96  yes
C vs BitMEX perp coinbase  ADAUSD  2021    216     9  -11.81     9.12    50.13   0.9023        19.35   NO
C vs BitMEX perp coinbase  ADAUSD  2022    288    12   -8.32     5.19    15.68   0.9813         5.30   NO
C vs BitMEX perp coinbase  ADAUSD  2023    168     7   -3.31     5.24    13.33   0.9956         7.27   NO
    A same-venue  binance  LTCUSD  2019    216     9    0.00     1.54     3.57   0.9990         2.48  yes
    A same-venue  binance  LTCUSD  2020    287    12    0.79     1.20     3.32   0.9997         1.39  yes
    A same-venue  binance  LTCUSD  2021    288    12   -0.25     1.18     3.01   0.9996         0.49  yes
    A same-venue  binance  LTCUSD  2022    288    12    0.65     3.33     5.20   0.9977         1.00   NO
    A same-venue  binance  LTCUSD  2023     72     3    0.51     0.53     1.54   0.9999         1.09  yes
       B vs FTMO  binance  LTCUSD  2022   8551   356    0.82     4.40    15.53   0.9903         3.65  yes
       B vs FTMO  binance  LTCUSD  2023   7846   330   -0.52     4.62    10.34   0.9940         2.05  yes
C vs BitMEX perp  binance  LTCUSD  2020    120     5  -19.21     6.49    16.15   0.9938         3.43  yes
C vs BitMEX perp  binance  LTCUSD  2021    288    12  -16.93     6.69    16.54   0.9973         4.52  yes
C vs BitMEX perp  binance  LTCUSD  2022    288    12  -10.32     5.47    14.49   0.9961         8.95   NO
C vs BitMEX perp  binance  LTCUSD  2023    168     7  -10.96     7.08    27.65   0.9961         7.58   NO
       B vs FTMO coinbase  LTCUSD  2022   8551   356    0.85     2.43     7.97   0.9911         3.60  yes
       B vs FTMO coinbase  LTCUSD  2023   7842   330    0.77     2.96     9.21   0.9938         2.68  yes
C vs BitMEX perp coinbase  LTCUSD  2020    120     5  -12.96     6.41    15.01   0.9930         8.06   NO
C vs BitMEX perp coinbase  LTCUSD  2021    288    12  -13.28     5.10    17.31   0.9967         5.05   NO
C vs BitMEX perp coinbase  LTCUSD  2022    288    12   -9.67     4.34    11.71   0.9967         5.69   NO
C vs BitMEX perp coinbase  LTCUSD  2023    168     7   -5.83     5.09    12.00   0.9946         8.53   NO
    A same-venue  binance  BCHUSD  2019     24     1    0.24     1.53     3.28   0.9984         2.09  yes
    A same-venue  binance  BCHUSD  2020    287    12    0.16     1.03     2.37   0.9997         1.74  yes
    A same-venue  binance  BCHUSD  2021    288    12    0.00     1.00     3.19   0.9995         2.08  yes
    A same-venue  binance  BCHUSD  2022    288    12    1.30     3.65     4.94   0.9974         4.46   NO
    A same-venue  binance  BCHUSD  2023     72     3   -3.72     3.77     5.18   0.9906         7.59   NO
       B vs FTMO  binance  BCHUSD  2022   8631   356    9.04     5.65    62.32   0.7269         7.20   NO
       B vs FTMO  binance  BCHUSD  2023   7929   330    7.95     4.70    43.52   0.7781         6.57   NO
C vs BitMEX perp  binance  BCHUSD  2020    144     6  -13.79     8.82   210.28   0.8388         4.23  yes
C vs BitMEX perp  binance  BCHUSD  2021    288    12  -15.14     8.40    22.47   0.9969         8.68   NO
C vs BitMEX perp  binance  BCHUSD  2022    288    12   -6.88     5.14    13.86   0.9949         5.08   NO
C vs BitMEX perp  binance  BCHUSD  2023    168     7  -11.02     9.71    28.57   0.9912         7.95   NO
       B vs FTMO coinbase  BCHUSD  2022   8631   356    7.93     6.85    62.45   0.7262         7.69   NO
       B vs FTMO coinbase  BCHUSD  2023   7926   330    9.35     6.13    46.68   0.7793         6.64   NO
C vs BitMEX perp coinbase  BCHUSD  2020    144     6  -11.94     6.57    97.47   0.8859         5.44   NO
C vs BitMEX perp coinbase  BCHUSD  2021    288    12  -13.33     8.50    22.08   0.9963         3.39  yes
C vs BitMEX perp coinbase  BCHUSD  2022    288    12   -8.64     6.18    15.57   0.9950         4.51  yes
C vs BitMEX perp coinbase  BCHUSD  2023    168     7   -6.04     5.38    13.95   0.9942         4.19  yes
    A same-venue  binance  DOTUSD  2020     95     4   -0.11     2.05     5.00   0.9994         3.79  yes
    A same-venue  binance  DOTUSD  2021    288    12    0.33     1.33     2.47   0.9998         1.66  yes
    A same-venue  binance  DOTUSD  2022    288    12    2.28     5.46     7.97   0.9957         4.50   NO
    A same-venue  binance  DOTUSD  2023     72     3   -0.77     0.81     1.17   0.9996         1.60  yes
C vs BitMEX perp  binance  DOTUSD  2021    240    10  -21.80     8.95    19.82   0.9969        12.39   NO
C vs BitMEX perp  binance  DOTUSD  2022    288    12   -8.29     6.37    17.89   0.9934         9.39   NO
C vs BitMEX perp  binance  DOTUSD  2023    168     7   -9.04     8.11    21.86   0.9937         9.39   NO
C vs BitMEX perp coinbase  DOTUSD  2021    144     6  -11.66     8.03    15.20   0.9977         8.19   NO
C vs BitMEX perp coinbase  DOTUSD  2022    288    12   -8.23     8.36    22.05   0.9943        11.57   NO
C vs BitMEX perp coinbase  DOTUSD  2023    168     7   -4.30     6.67    19.87   0.9928         5.78   NO

PASS COUNT by venue x coin (years passing / years tested):
venue   binance bitstamp coinbase
coin                             
ADAUSD     8/10      NaN      2/5
BCHUSD     4/11      NaN      3/6
BNBUSD     6/10      NaN      NaN
BTCUSD    10/14     5/13     3/13
DOGEUSD    6/10      NaN      3/5
DOTUSD      3/7      NaN      0/3
ETHUSD     8/13      NaN      2/8
LTCUSD     8/11      NaN      2/6
SOLUSD      3/7      NaN      0/3
XRPUSD     7/11      NaN      2/4
exit 0
